Component: ARM Compiler 5.06 update 7 (build 960) Tool: armlink [4d3601]

==============================================================================

Section Cross References

    startup_stm32f103xe.o(RESET) refers to startup_stm32f103xe.o(STACK) for __initial_sp
    startup_stm32f103xe.o(RESET) refers to startup_stm32f103xe.o(.text) for Reset_Handler
    startup_stm32f103xe.o(RESET) refers to stm32f1xx_it.o(i.NMI_Handler) for NMI_Handler
    startup_stm32f103xe.o(RESET) refers to stm32f1xx_it.o(i.HardFault_Handler) for HardFault_Handler
    startup_stm32f103xe.o(RESET) refers to stm32f1xx_it.o(i.MemManage_Handler) for MemManage_Handler
    startup_stm32f103xe.o(RESET) refers to stm32f1xx_it.o(i.BusFault_Handler) for BusFault_Handler
    startup_stm32f103xe.o(RESET) refers to stm32f1xx_it.o(i.UsageFault_Handler) for UsageFault_Handler
    startup_stm32f103xe.o(RESET) refers to stm32f1xx_it.o(i.SVC_Handler) for SVC_Handler
    startup_stm32f103xe.o(RESET) refers to stm32f1xx_it.o(i.DebugMon_Handler) for DebugMon_Handler
    startup_stm32f103xe.o(RESET) refers to stm32f1xx_it.o(i.PendSV_Handler) for PendSV_Handler
    startup_stm32f103xe.o(RESET) refers to stm32f1xx_it.o(i.SysTick_Handler) for SysTick_Handler
    startup_stm32f103xe.o(.text) refers to system_stm32f1xx.o(i.SystemInit) for SystemInit
    startup_stm32f103xe.o(.text) refers to entry.o(.ARM.Collect$$$$00000000) for __main
    main.o(i.STM32_gpio_and_delay) refers to stm32f1xx_hal.o(i.HAL_Delay) for HAL_Delay
    main.o(i.STM32_gpio_and_delay) refers to main.o(i.delay_us) for delay_us
    main.o(i.STM32_gpio_and_delay) refers to stm32f1xx_hal_gpio.o(i.HAL_GPIO_WritePin) for HAL_GPIO_WritePin
    main.o(i.SystemClock_Config) refers to memseta.o(.text) for __aeabi_memclr4
    main.o(i.SystemClock_Config) refers to stm32f1xx_hal_rcc.o(i.HAL_RCC_OscConfig) for HAL_RCC_OscConfig
    main.o(i.SystemClock_Config) refers to stm32f1xx_hal_rcc.o(i.HAL_RCC_ClockConfig) for HAL_RCC_ClockConfig
    main.o(i.main) refers to stm32f1xx_hal.o(i.HAL_Init) for HAL_Init
    main.o(i.main) refers to main.o(i.SystemClock_Config) for SystemClock_Config
    main.o(i.main) refers to gpio.o(i.MX_GPIO_Init) for MX_GPIO_Init
    main.o(i.main) refers to u8g2_d_setup.o(i.u8g2_Setup_ssd1306_i2c_128x64_noname_f) for u8g2_Setup_ssd1306_i2c_128x64_noname_f
    main.o(i.main) refers to u8x8_display.o(i.u8x8_InitDisplay) for u8x8_InitDisplay
    main.o(i.main) refers to u8x8_display.o(i.u8x8_SetPowerSave) for u8x8_SetPowerSave
    main.o(i.main) refers to stm32f1xx_hal.o(i.HAL_Delay) for HAL_Delay
    main.o(i.main) refers to u8g2_buffer.o(i.u8g2_ClearBuffer) for u8g2_ClearBuffer
    main.o(i.main) refers to u8g2_circle.o(i.u8g2_DrawCircle) for u8g2_DrawCircle
    main.o(i.main) refers to u8g2_buffer.o(i.u8g2_SendBuffer) for u8g2_SendBuffer
    main.o(i.main) refers to main.o(i.STM32_gpio_and_delay) for STM32_gpio_and_delay
    main.o(i.main) refers to u8x8_byte.o(i.u8x8_byte_sw_i2c) for u8x8_byte_sw_i2c
    main.o(i.main) refers to u8g2_setup.o(.constdata) for u8g2_cb_r0
    gpio.o(i.MX_GPIO_Init) refers to stm32f1xx_hal_gpio.o(i.HAL_GPIO_WritePin) for HAL_GPIO_WritePin
    gpio.o(i.MX_GPIO_Init) refers to stm32f1xx_hal_gpio.o(i.HAL_GPIO_Init) for HAL_GPIO_Init
    usart.o(i.HAL_UART_MspDeInit) refers to stm32f1xx_hal_gpio.o(i.HAL_GPIO_DeInit) for HAL_GPIO_DeInit
    usart.o(i.HAL_UART_MspInit) refers to stm32f1xx_hal_gpio.o(i.HAL_GPIO_Init) for HAL_GPIO_Init
    usart.o(i.MX_USART1_UART_Init) refers to stm32f1xx_hal_uart.o(i.HAL_UART_Init) for HAL_UART_Init
    usart.o(i.MX_USART1_UART_Init) refers to main.o(i.Error_Handler) for Error_Handler
    usart.o(i.MX_USART1_UART_Init) refers to usart.o(.bss) for .bss
    stm32f1xx_it.o(i.SysTick_Handler) refers to stm32f1xx_hal.o(i.HAL_IncTick) for HAL_IncTick
    stm32f1xx_hal_uart.o(i.HAL_HalfDuplex_Init) refers to usart.o(i.HAL_UART_MspInit) for HAL_UART_MspInit
    stm32f1xx_hal_uart.o(i.HAL_HalfDuplex_Init) refers to stm32f1xx_hal_uart.o(i.UART_SetConfig) for UART_SetConfig
    stm32f1xx_hal_uart.o(i.HAL_LIN_Init) refers to usart.o(i.HAL_UART_MspInit) for HAL_UART_MspInit
    stm32f1xx_hal_uart.o(i.HAL_LIN_Init) refers to stm32f1xx_hal_uart.o(i.UART_SetConfig) for UART_SetConfig
    stm32f1xx_hal_uart.o(i.HAL_MultiProcessor_Init) refers to usart.o(i.HAL_UART_MspInit) for HAL_UART_MspInit
    stm32f1xx_hal_uart.o(i.HAL_MultiProcessor_Init) refers to stm32f1xx_hal_uart.o(i.UART_SetConfig) for UART_SetConfig
    stm32f1xx_hal_uart.o(i.HAL_UARTEx_ReceiveToIdle) refers to stm32f1xx_hal.o(i.HAL_GetTick) for HAL_GetTick
    stm32f1xx_hal_uart.o(i.HAL_UARTEx_ReceiveToIdle_DMA) refers to stm32f1xx_hal_uart.o(i.UART_Start_Receive_DMA) for UART_Start_Receive_DMA
    stm32f1xx_hal_uart.o(i.HAL_UARTEx_ReceiveToIdle_IT) refers to stm32f1xx_hal_uart.o(i.UART_Start_Receive_IT) for UART_Start_Receive_IT
    stm32f1xx_hal_uart.o(i.HAL_UART_Abort) refers to stm32f1xx_hal_dma.o(i.HAL_DMA_Abort) for HAL_DMA_Abort
[...]
    Removing u8g2_fonts.o(.constdata), (1141 bytes).
    Removing u8g2_fonts.o(.constdata), (836 bytes).
    Removing u8g2_fonts.o(.constdata), (1035 bytes).
    Removing u8g2_fonts.o(.constdata), (1198 bytes).
    Removing u8g2_fonts.o(.constdata), (1470 bytes).
    Removing u8g2_fonts.o(.constdata), (1913 bytes).
    Removing u8g2_fonts.o(.constdata), (2253 bytes).
    Removing u8g2_fonts.o(.constdata), (2713 bytes).
    Removing u8g2_fonts.o(.constdata), (3196 bytes).
    Removing u8g2_fonts.o(.constdata), (3823 bytes).
    Removing u8g2_fonts.o(.constdata), (3117 bytes).
    Removing u8g2_fonts.o(.constdata), (1452 bytes).
    Removing u8g2_fonts.o(.constdata), (260 bytes).
    Removing u8g2_fonts.o(.constdata), (3918 bytes).
    Removing u8g2_fonts.o(.constdata), (1838 bytes).
    Removing u8g2_fonts.o(.constdata), (328 bytes).
    Removing u8g2_fonts.o(.constdata), (4637 bytes).
    Removing u8g2_fonts.o(.constdata), (2165 bytes).
    Removing u8g2_fonts.o(.constdata), (379 bytes).
    Removing u8g2_fonts.o(.constdata), (5513 bytes).
    Removing u8g2_fonts.o(.constdata), (2555 bytes).
    Removing u8g2_fonts.o(.constdata), (450 bytes).
    Removing u8g2_fonts.o(.constdata), (7403 bytes).
    Removing u8g2_fonts.o(.constdata), (3358 bytes).
    Removing u8g2_fonts.o(.constdata), (554 bytes).
    Removing u8g2_fonts.o(.constdata), (8665 bytes).
    Removing u8g2_fonts.o(.constdata), (3970 bytes).
    Removing u8g2_fonts.o(.constdata), (652 bytes).
    Removing u8g2_fonts.o(.constdata), (10320 bytes).
    Removing u8g2_fonts.o(.constdata), (4743 bytes).
    Removing u8g2_fonts.o(.constdata), (772 bytes).
    Removing u8g2_fonts.o(.constdata), (13090 bytes).
    Removing u8g2_fonts.o(.constdata), (5956 bytes).
    Removing u8g2_fonts.o(.constdata), (999 bytes).
    Removing u8g2_fonts.o(.constdata), (1157 bytes).
    Removing u8g2_fonts.o(.constdata), (830 bytes).
    Removing u8g2_fonts.o(.constdata), (1024 bytes).
    Removing u8g2_fonts.o(.constdata), (1188 bytes).
    Removing u8g2_fonts.o(.constdata), (1464 bytes).
    Removing u8g2_fonts.o(.constdata), (1857 bytes).
    Removing u8g2_fonts.o(.constdata), (2227 bytes).
    Removing u8g2_fonts.o(.constdata), (2631 bytes).
    Removing u8g2_fonts.o(.constdata), (3122 bytes).
    Removing u8g2_fonts.o(.constdata), (3789 bytes).
    Removing u8g2_fonts.o(.constdata), (5830 bytes).
    Removing u8g2_fonts.o(.constdata), (2736 bytes).
    Removing u8g2_fonts.o(.constdata), (490 bytes).
    Removing u8g2_fonts.o(.constdata), (6898 bytes).
    Removing u8g2_fonts.o(.constdata), (3228 bytes).
    Removing u8g2_fonts.o(.constdata), (564 bytes).
    Removing u8g2_fonts.o(.constdata), (8783 bytes).
    Removing u8g2_fonts.o(.constdata), (4088 bytes).
    Removing u8g2_fonts.o(.constdata), (678 bytes).
    Removing u8g2_fonts.o(.constdata), (9938 bytes).
    Removing u8g2_fonts.o(.constdata), (4602 bytes).
    Removing u8g2_fonts.o(.constdata), (747 bytes).
    Removing u8g2_fonts.o(.constdata), (12448 bytes).
    Removing u8g2_fonts.o(.constdata), (5835 bytes).
    Removing u8g2_fonts.o(.constdata), (979 bytes).
    Removing u8g2_fonts.o(.constdata), (15044 bytes).
    Removing u8g2_fonts.o(.constdata), (6979 bytes).
    Removing u8g2_fonts.o(.constdata), (1169 bytes).
    Removing u8g2_fonts.o(.constdata), (5939 bytes).
    Removing u8g2_fonts.o(.constdata), (2789 bytes).
    Removing u8g2_fonts.o(.constdata), (443 bytes).
    Removing u8g2_fonts.o(.constdata), (6866 bytes).
    Removing u8g2_fonts.o(.constdata), (3242 bytes).
    Removing u8g2_fonts.o(.constdata), (538 bytes).
    Removing u8g2_fonts.o(.constdata), (8816 bytes).
    Removing u8g2_fonts.o(.constdata), (4149 bytes).
    Removing u8g2_fonts.o(.constdata), (642 bytes).
    Removing u8g2_fonts.o(.constdata), (10233 bytes).
    Removing u8g2_fonts.o(.constdata), (4769 bytes).
    Removing u8g2_fonts.o(.constdata), (759 bytes).
    Removing u8g2_fonts.o(.constdata), (12331 bytes).
    Removing u8g2_fonts.o(.constdata), (5766 bytes).
    Removing u8g2_fonts.o(.constdata), (908 bytes).
    Removing u8g2_fonts.o(.constdata), (14935 bytes).
    Removing u8g2_fonts.o(.constdata), (6927 bytes).
    Removing u8g2_fonts.o(.constdata), (1091 bytes).
    Removing u8g2_fonts.o(.constdata), (5486 bytes).
    Removing u8g2_fonts.o(.constdata), (2459 bytes).
    Removing u8g2_fonts.o(.constdata), (429 bytes).
    Removing u8g2_fonts.o(.constdata), (6916 bytes).
    Removing u8g2_fonts.o(.constdata), (3096 bytes).
    Removing u8g2_fonts.o(.constdata), (502 bytes).
    Removing u8g2_fonts.o(.constdata), (7761 bytes).
    Removing u8g2_fonts.o(.constdata), (3506 bytes).
    Removing u8g2_fonts.o(.constdata), (593 bytes).
    Removing u8g2_fonts.o(.constdata), (8591 bytes).
    Removing u8g2_fonts.o(.constdata), (3846 bytes).
    Removing u8g2_fonts.o(.constdata), (633 bytes).
    Removing u8g2_fonts.o(.constdata), (6836 bytes).
    Removing u8g2_fonts.o(.constdata), (9646 bytes).
    Removing u8g2_fonts.o(.constdata), (4347 bytes).
    Removing u8g2_fonts.o(.constdata), (693 bytes).
    Removing u8g2_fonts.o(.constdata), (7972 bytes).
    Removing u8g2_fonts.o(.constdata), (10685 bytes).
    Removing u8g2_fonts.o(.constdata), (4840 bytes).
    Removing u8g2_fonts.o(.constdata), (790 bytes).
    Removing u8g2_fonts.o(.constdata), (9198 bytes).
    Removing u8g2_fonts.o(.constdata), (11616 bytes).
    Removing u8g2_fonts.o(.constdata), (5183 bytes).
    Removing u8g2_fonts.o(.constdata), (851 bytes).
    Removing u8g2_fonts.o(.constdata), (9731 bytes).
    Removing u8g2_fonts.o(.constdata), (13745 bytes).
    Removing u8g2_fonts.o(.constdata), (6180 bytes).
    Removing u8g2_fonts.o(.constdata), (981 bytes).
    Removing u8g2_fonts.o(.constdata), (11680 bytes).
    Removing u8g2_fonts.o(.constdata), (15990 bytes).
    Removing u8g2_fonts.o(.constdata), (7110 bytes).
    Removing u8g2_fonts.o(.constdata), (1083 bytes).
    Removing u8g2_fonts.o(.constdata), (12721 bytes).
    Removing u8g2_fonts.o(.constdata), (17645 bytes).
    Removing u8g2_fonts.o(.constdata), (7879 bytes).
    Removing u8g2_fonts.o(.constdata), (1257 bytes).
    Removing u8g2_fonts.o(.constdata), (14236 bytes).
    Removing u8g2_fonts.o(.constdata), (18844 bytes).
    Removing u8g2_fonts.o(.constdata), (8453 bytes).
    Removing u8g2_fonts.o(.constdata), (1310 bytes).
    Removing u8g2_fonts.o(.constdata), (15137 bytes).
    Removing u8g2_fonts.o(.constdata), (20574 bytes).
    Removing u8g2_fonts.o(.constdata), (9269 bytes).
    Removing u8g2_fonts.o(.constdata), (1448 bytes).
    Removing u8g2_fonts.o(.constdata), (17399 bytes).
    Removing u8g2_fonts.o(.constdata), (1604 bytes).
    Removing u8g2_fonts.o(.constdata), (1703 bytes).
    Removing u8g2_fonts.o(.constdata), (5572 bytes).
    Removing u8g2_fonts.o(.constdata), (2529 bytes).
    Removing u8g2_fonts.o(.constdata), (442 bytes).
    Removing u8g2_fonts.o(.constdata), (6549 bytes).
    Removing u8g2_fonts.o(.constdata), (2926 bytes).
    Removing u8g2_fonts.o(.constdata), (501 bytes).
    Removing u8g2_fonts.o(.constdata), (7878 bytes).
    Removing u8g2_fonts.o(.constdata), (3538 bytes).
    Removing u8g2_fonts.o(.constdata), (584 bytes).
    Removing u8g2_fonts.o(.constdata), (8831 bytes).
    Removing u8g2_fonts.o(.constdata), (3920 bytes).
    Removing u8g2_fonts.o(.constdata), (644 bytes).
    Removing u8g2_fonts.o(.constdata), (9863 bytes).
    Removing u8g2_fonts.o(.constdata), (4411 bytes).
    Removing u8g2_fonts.o(.constdata), (747 bytes).
    Removing u8g2_fonts.o(.constdata), (10922 bytes).
    Removing u8g2_fonts.o(.constdata), (4964 bytes).
    Removing u8g2_fonts.o(.constdata), (805 bytes).
    Removing u8g2_fonts.o(.constdata), (12043 bytes).
    Removing u8g2_fonts.o(.constdata), (5351 bytes).
    Removing u8g2_fonts.o(.constdata), (881 bytes).
    Removing u8g2_fonts.o(.constdata), (13741 bytes).
    Removing u8g2_fonts.o(.constdata), (6086 bytes).
    Removing u8g2_fonts.o(.constdata), (1004 bytes).
    Removing u8g2_fonts.o(.constdata), (15506 bytes).
    Removing u8g2_fonts.o(.constdata), (6794 bytes).
    Removing u8g2_fonts.o(.constdata), (1105 bytes).
    Removing u8g2_fonts.o(.constdata), (17379 bytes).
    Removing u8g2_fonts.o(.constdata), (7738 bytes).
    Removing u8g2_fonts.o(.constdata), (1237 bytes).
    Removing u8g2_fonts.o(.constdata), (18758 bytes).
    Removing u8g2_fonts.o(.constdata), (8414 bytes).
    Removing u8g2_fonts.o(.constdata), (1338 bytes).
    Removing u8g2_fonts.o(.constdata), (20756 bytes).
    Removing u8g2_fonts.o(.constdata), (9310 bytes).
    Removing u8g2_fonts.o(.constdata), (1500 bytes).
    Removing u8g2_fonts.o(.constdata), (1631 bytes).
    Removing u8g2_fonts.o(.constdata), (1743 bytes).
    Removing u8g2_fonts.o(.constdata), (3075 bytes).
    Removing u8g2_fonts.o(.constdata), (1567 bytes).
    Removing u8g2_fonts.o(.constdata), (287 bytes).
    Removing u8g2_fonts.o(.constdata), (3721 bytes).
    Removing u8g2_fonts.o(.constdata), (1966 bytes).
    Removing u8g2_fonts.o(.constdata), (334 bytes).
    Removing u8g2_fonts.o(.constdata), (4145 bytes).
    Removing u8g2_fonts.o(.constdata), (2227 bytes).
    Removing u8g2_fonts.o(.constdata), (382 bytes).
    Removing u8g2_fonts.o(.constdata), (4241 bytes).
    Removing u8g2_fonts.o(.constdata), (2268 bytes).
    Removing u8g2_fonts.o(.constdata), (387 bytes).
    Removing u8g2_fonts.o(.constdata), (4468 bytes).
    Removing u8g2_fonts.o(.constdata), (2411 bytes).
    Removing u8g2_fonts.o(.constdata), (421 bytes).
    Removing u8g2_fonts.o(.constdata), (4899 bytes).
    Removing u8g2_fonts.o(.constdata), (2644 bytes).
    Removing u8g2_fonts.o(.constdata), (439 bytes).
    Removing u8g2_fonts.o(.constdata), (4890 bytes).
    Removing u8g2_fonts.o(.constdata), (2644 bytes).
    Removing u8g2_fonts.o(.constdata), (429 bytes).
    Removing u8g2_fonts.o(.constdata), (5380 bytes).
    Removing u8g2_fonts.o(.constdata), (2915 bytes).
    Removing u8g2_fonts.o(.constdata), (480 bytes).
    Removing u8g2_fonts.o(.constdata), (5670 bytes).
    Removing u8g2_fonts.o(.constdata), (3096 bytes).
    Removing u8g2_fonts.o(.constdata), (525 bytes).
    Removing u8g2_fonts.o(.constdata), (6182 bytes).
    Removing u8g2_fonts.o(.constdata), (3350 bytes).
    Removing u8g2_fonts.o(.constdata), (536 bytes).
    Removing u8g2_fonts.o(.constdata), (6870 bytes).
    Removing u8g2_fonts.o(.constdata), (3743 bytes).
    Removing u8g2_fonts.o(.constdata), (609 bytes).
    Removing u8g2_fonts.o(.constdata), (8227 bytes).
    Removing u8g2_fonts.o(.constdata), (4636 bytes).
    Removing u8g2_fonts.o(.constdata), (724 bytes).
    Removing u8g2_fonts.o(.constdata), (8677 bytes).
    Removing u8g2_fonts.o(.constdata), (4912 bytes).
    Removing u8g2_fonts.o(.constdata), (784 bytes).
    Removing u8g2_fonts.o(.constdata), (9496 bytes).
    Removing u8g2_fonts.o(.constdata), (5353 bytes).
    Removing u8g2_fonts.o(.constdata), (851 bytes).
    Removing u8g2_fonts.o(.constdata), (10072 bytes).
    Removing u8g2_fonts.o(.constdata), (5660 bytes).
    Removing u8g2_fonts.o(.constdata), (880 bytes).
    Removing u8g2_fonts.o(.constdata), (10904 bytes).
    Removing u8g2_fonts.o(.constdata), (6174 bytes).
    Removing u8g2_fonts.o(.constdata), (974 bytes).
    Removing u8g2_fonts.o(.constdata), (982 bytes).
    Removing u8g2_fonts.o(.constdata), (1332 bytes).
    Removing u8g2_fonts.o(.constdata), (1622 bytes).
    Removing u8g2_fonts.o(.constdata), (2538 bytes).
    Removing u8g2_fonts.o(.constdata), (1226 bytes).
    Removing u8g2_fonts.o(.constdata), (235 bytes).
    Removing u8g2_fonts.o(.constdata), (831 bytes).
    Removing u8g2_fonts.o(.constdata), (2238 bytes).
    Removing u8g2_fonts.o(.constdata), (1221 bytes).
    Removing u8g2_fonts.o(.constdata), (241 bytes).
    Removing u8g2_fonts.o(.constdata), (828 bytes).
    Removing u8g2_fonts.o(.constdata), (2559 bytes).
    Removing u8g2_fonts.o(.constdata), (1271 bytes).
    Removing u8g2_fonts.o(.constdata), (245 bytes).
    Removing u8g2_fonts.o(.constdata), (855 bytes).
    Removing u8g2_fonts.o(.constdata), (2395 bytes).
    Removing u8g2_fonts.o(.constdata), (1198 bytes).
    Removing u8g2_fonts.o(.constdata), (234 bytes).
    Removing u8g2_fonts.o(.constdata), (812 bytes).
    Removing u8g2_fonts.o(.constdata), (2552 bytes).
    Removing u8g2_fonts.o(.constdata), (1258 bytes).
    Removing u8g2_fonts.o(.constdata), (242 bytes).
    Removing u8g2_fonts.o(.constdata), (856 bytes).
    Removing u8g2_fonts.o(.constdata), (9481 bytes).
    Removing u8g2_fonts.o(.constdata), (10569 bytes).
    Removing u8g2_fonts.o(.constdata), (2661 bytes).
    Removing u8g2_fonts.o(.constdata), (1266 bytes).
    Removing u8g2_fonts.o(.constdata), (232 bytes).
    Removing u8g2_fonts.o(.constdata), (3536 bytes).
    Removing u8g2_fonts.o(.constdata), (1704 bytes).
    Removing u8g2_fonts.o(.constdata), (273 bytes).
    Removing u8g2_fonts.o(.constdata), (11601 bytes).
    Removing u8g2_fonts.o(.constdata), (14923 bytes).
    Removing u8g2_fonts.o(.constdata), (2644 bytes).
    Removing u8g2_fonts.o(.constdata), (1257 bytes).
    Removing u8g2_fonts.o(.constdata), (231 bytes).
    Removing u8g2_fonts.o(.constdata), (3238 bytes).
    Removing u8g2_fonts.o(.constdata), (1547 bytes).
    Removing u8g2_fonts.o(.constdata), (275 bytes).
    Removing u8g2_fonts.o(.constdata), (11391 bytes).
    Removing u8g2_fonts.o(.constdata), (13644 bytes).
    Removing u8g2_fonts.o(.constdata), (2616 bytes).
    Removing u8g2_fonts.o(.constdata), (1573 bytes).
    Removing u8g2_fonts.o(.constdata), (287 bytes).
    Removing u8g2_fonts.o(.constdata), (3076 bytes).
    Removing u8g2_fonts.o(.constdata), (1915 bytes).
    Removing u8g2_fonts.o(.constdata), (327 bytes).
    Removing u8g2_fonts.o(.constdata), (2430 bytes).
    Removing u8g2_fonts.o(.constdata), (1451 bytes).
    Removing u8g2_fonts.o(.constdata), (284 bytes).
    Removing u8g2_fonts.o(.constdata), (3089 bytes).
    Removing u8g2_fonts.o(.constdata), (1882 bytes).
    Removing u8g2_fonts.o(.constdata), (330 bytes).
    Removing u8g2_hvline.o(i.u8g2_DrawHLine), (12 bytes).
    Removing u8g2_hvline.o(i.u8g2_DrawVLine), (12 bytes).
    Removing u8g2_hvline.o(i.u8g2_SetDrawColor), (16 bytes).
    Removing u8g2_input_value.o(i.u8g2_UserInterfaceInputValue), (312 bytes).
    Removing u8g2_kerning.o(i.u8g2_GetKerning), (84 bytes).
    Removing u8g2_kerning.o(i.u8g2_GetKerningByTable), (52 bytes).
    Removing u8g2_line.o(i.u8g2_DrawLine), (172 bytes).
    Removing u8g2_ll_hvline.o(i.u8g2_ll_hvline_horizontal_right_lsb), (118 bytes).
    Removing u8g2_message.o(i.u8g2_UserInterfaceMessage), (288 bytes).
    Removing u8g2_message.o(i.u8g2_draw_button_line), (156 bytes).
    Removing u8g2_polygon.o(i.pg_dec), (18 bytes).
    Removing u8g2_polygon.o(i.pg_exec), (110 bytes).
    Removing u8g2_polygon.o(i.pg_expand_min_y), (46 bytes).
    Removing u8g2_polygon.o(i.pg_hline), (114 bytes).
    Removing u8g2_polygon.o(i.pg_inc), (16 bytes).
    Removing u8g2_polygon.o(i.pg_line_init), (122 bytes).
    Removing u8g2_polygon.o(i.pg_prepare), (160 bytes).
    Removing u8g2_polygon.o(i.pge_Next), (62 bytes).
    Removing u8g2_polygon.o(i.u8g2_AddPolygonXY), (32 bytes).
    Removing u8g2_polygon.o(i.u8g2_ClearPolygonXY), (12 bytes).
    Removing u8g2_polygon.o(i.u8g2_DrawPolygon), (36 bytes).
    Removing u8g2_polygon.o(i.u8g2_DrawTriangle), (60 bytes).
    Removing u8g2_polygon.o(.bss), (76 bytes).
    Removing u8g2_selection_list.o(i.u8g2_DrawSelectionList), (116 bytes).
    Removing u8g2_selection_list.o(i.u8g2_DrawUTF8Line), (202 bytes).
    Removing u8g2_selection_list.o(i.u8g2_DrawUTF8Lines), (88 bytes).
    Removing u8g2_selection_list.o(i.u8g2_UserInterfaceSelectionList), (270 bytes).
    Removing u8g2_setup.o(i.u8g2_SendF), (18 bytes).
    Removing u8g2_setup.o(i.u8g2_SetClipWindow), (28 bytes).
    Removing u8g2_setup.o(i.u8g2_SetDisplayRotation), (22 bytes).
    Removing u8g2_setup.o(i.u8g2_Setup_null), (52 bytes).
    Removing u8g2_setup.o(i.u8g2_draw_l90_mirrorr_r0), (32 bytes).
    Removing u8g2_setup.o(i.u8g2_draw_l90_r1), (42 bytes).
    Removing u8g2_setup.o(i.u8g2_draw_l90_r2), (54 bytes).
    Removing u8g2_setup.o(i.u8g2_draw_l90_r3), (42 bytes).
    Removing u8g2_setup.o(i.u8g2_draw_mirror_vertical_r0), (32 bytes).
    Removing u8g2_setup.o(i.u8g2_update_dimension_r1), (24 bytes).
    Removing u8g2_setup.o(i.u8g2_update_dimension_r2), (4 bytes).
    Removing u8g2_setup.o(i.u8g2_update_dimension_r3), (24 bytes).
    Removing u8g2_setup.o(i.u8g2_update_page_win_r1), (34 bytes).
    Removing u8g2_setup.o(i.u8g2_update_page_win_r2), (50 bytes).
    Removing u8g2_setup.o(i.u8g2_update_page_win_r3), (50 bytes).
    Removing u8g2_setup.o(.constdata), (12 bytes).
    Removing u8g2_setup.o(.constdata), (12 bytes).
    Removing u8g2_setup.o(.constdata), (12 bytes).
    Removing u8g2_setup.o(.constdata), (12 bytes).
    Removing u8g2_setup.o(.constdata), (12 bytes).
    Removing u8g2_setup.o(.data), (8 bytes).
    Removing u8log.o(i.u8log_Init), (34 bytes).
    Removing u8log.o(i.u8log_SetCallback), (6 bytes).
    Removing u8log.o(i.u8log_SetLineHeightOffset), (4 bytes).
    Removing u8log.o(i.u8log_SetRedrawMode), (4 bytes).
    Removing u8log.o(i.u8log_WriteChar), (34 bytes).
    Removing u8log.o(i.u8log_WriteDec16), (26 bytes).
    Removing u8log.o(i.u8log_WriteDec8), (26 bytes).
    Removing u8log.o(i.u8log_WriteHex16), (24 bytes).
    Removing u8log.o(i.u8log_WriteHex32), (24 bytes).
    Removing u8log.o(i.u8log_WriteHex8), (24 bytes).
    Removing u8log.o(i.u8log_WriteHexHalfByte), (18 bytes).
    Removing u8log.o(i.u8log_WriteString), (24 bytes).
    Removing u8log.o(i.u8log_clear_screen), (26 bytes).
    Removing u8log.o(i.u8log_cursor_on_screen), (94 bytes).
    Removing u8log.o(i.u8log_write_char), (122 bytes).
    Removing u8log_u8g2.o(i.u8g2_DrawLog), (98 bytes).
    Removing u8log_u8g2.o(i.u8log_u8g2_cb), (52 bytes).
    Removing u8log_u8x8.o(i.u8log_u8x8_cb), (48 bytes).
    Removing u8log_u8x8.o(i.u8x8_DrawLog), (48 bytes).
    Removing u8log_u8x8.o(i.u8x8_DrawLogLine), (54 bytes).
    Removing u8x8_8x8.o(i.u8x8_Draw1x2Glyph), (146 bytes).
    Removing u8x8_8x8.o(i.u8x8_Draw1x2String), (16 bytes).
    Removing u8x8_8x8.o(i.u8x8_Draw1x2UTF8), (16 bytes).
    Removing u8x8_8x8.o(i.u8x8_Draw2x2Glyph), (74 bytes).
    Removing u8x8_8x8.o(i.u8x8_Draw2x2String), (16 bytes).
    Removing u8x8_8x8.o(i.u8x8_Draw2x2UTF8), (16 bytes).
    Removing u8x8_8x8.o(i.u8x8_DrawGlyph), (90 bytes).
    Removing u8x8_8x8.o(i.u8x8_DrawString), (16 bytes).
    Removing u8x8_8x8.o(i.u8x8_DrawUTF8), (16 bytes).
    Removing u8x8_8x8.o(i.u8x8_GetUTF8Len), (50 bytes).
    Removing u8x8_8x8.o(i.u8x8_SetFont), (4 bytes).
    Removing u8x8_8x8.o(i.u8x8_ascii_next), (14 bytes).
    Removing u8x8_8x8.o(i.u8x8_draw_1x2_string), (80 bytes).
    Removing u8x8_8x8.o(i.u8x8_draw_2x2_string), (84 bytes).
    Removing u8x8_8x8.o(i.u8x8_draw_2x2_subglyph), (152 bytes).
    Removing u8x8_8x8.o(i.u8x8_draw_string), (80 bytes).
    Removing u8x8_8x8.o(i.u8x8_get_glyph_data), (104 bytes).
    Removing u8x8_8x8.o(i.u8x8_upscale_buf), (26 bytes).
    Removing u8x8_8x8.o(i.u8x8_upscale_byte), (36 bytes).
    Removing u8x8_8x8.o(i.u8x8_utf8_init), (8 bytes).
    Removing u8x8_8x8.o(i.u8x8_utf8_next), (144 bytes).
    Removing u8x8_byte.o(i.u8x8_byte_3wire_sw_spi), (256 bytes).
    Removing u8x8_byte.o(i.u8x8_byte_4wire_sw_spi), (234 bytes).
    Removing u8x8_byte.o(i.u8x8_byte_8bit_6800mode), (216 bytes).
    Removing u8x8_byte.o(i.u8x8_byte_8bit_8080mode), (216 bytes).
    Removing u8x8_byte.o(i.u8x8_byte_SendBytes), (16 bytes).
    Removing u8x8_byte.o(i.u8x8_byte_SetDC), (16 bytes).
    Removing u8x8_byte.o(i.u8x8_byte_empty), (4 bytes).
    Removing u8x8_byte.o(i.u8x8_byte_ks0108), (210 bytes).
    Removing u8x8_byte.o(i.u8x8_byte_sed1520), (220 bytes).
    Removing u8x8_byte.o(i.u8x8_byte_set_ks0108_cs), (46 bytes).
    Removing u8x8_byte.o(.data), (2 bytes).
    Removing u8x8_cad.o(i.u8x8_SendF), (18 bytes).
    Removing u8x8_cad.o(i.u8x8_cad_001), (82 bytes).
    Removing u8x8_cad.o(i.u8x8_cad_011), (86 bytes).
    Removing u8x8_cad.o(i.u8x8_cad_100), (86 bytes).
    Removing u8x8_cad.o(i.u8x8_cad_110), (82 bytes).
    Removing u8x8_cad.o(i.u8x8_cad_SendMultipleArg), (38 bytes).
    Removing u8x8_cad.o(i.u8x8_cad_empty), (44 bytes).
    Removing u8x8_cad.o(i.u8x8_cad_ld7032_i2c), (180 bytes).
    Removing u8x8_cad.o(i.u8x8_cad_ssd13xx_i2c), (122 bytes).
    Removing u8x8_cad.o(i.u8x8_cad_st75256_i2c), (132 bytes).
    Removing u8x8_cad.o(i.u8x8_cad_st7920_spi), (248 bytes).
    Removing u8x8_cad.o(i.u8x8_cad_uc1638_i2c), (280 bytes).
    Removing u8x8_cad.o(i.u8x8_cad_uc16xx_i2c), (240 bytes).
    Removing u8x8_cad.o(i.u8x8_cad_vsendf), (82 bytes).
    Removing u8x8_cad.o(i.u8x8_gu800_cad_110), (118 bytes).
    Removing u8x8_cad.o(.bss), (16 bytes).
    Removing u8x8_capture.o(i.u8x8_capture_get_pixel_1), (28 bytes).
    Removing u8x8_capture.o(i.u8x8_capture_get_pixel_2), (32 bytes).
    Removing u8x8_capture.o(i.u8x8_capture_write_pbm_buffer), (96 bytes).
    Removing u8x8_capture.o(i.u8x8_capture_write_pbm_pre), (52 bytes).
    Removing u8x8_capture.o(i.u8x8_capture_write_xbm_buffer), (192 bytes).
    Removing u8x8_capture.o(i.u8x8_capture_write_xbm_pre), (136 bytes).
    Removing u8x8_d_ssd1306_128x64_noname.o(i.u8x8_d_sh1106_128x64_noname), (60 bytes).
    Removing u8x8_d_ssd1306_128x64_noname.o(i.u8x8_d_sh1106_128x64_vcomh0), (60 bytes).
    Removing u8x8_d_ssd1306_128x64_noname.o(i.u8x8_d_sh1106_128x64_winstar), (60 bytes).
    Removing u8x8_d_ssd1306_128x64_noname.o(i.u8x8_d_ssd1306_128x64_alt0), (60 bytes).
    Removing u8x8_d_ssd1306_128x64_noname.o(i.u8x8_d_ssd1306_128x64_vcomh0), (60 bytes).
    Removing u8x8_d_ssd1306_128x64_noname.o(i.u8x8_d_ssd1312_128x64_noname), (88 bytes).
    Removing u8x8_debounce.o(i.u8x8_GetMenuEvent), (192 bytes).
    Removing u8x8_display.o(i.u8x8_ClearDisplay), (16 bytes).
    Removing u8x8_display.o(i.u8x8_ClearDisplayWithTile), (58 bytes).
    Removing u8x8_display.o(i.u8x8_ClearLine), (48 bytes).
    Removing u8x8_display.o(i.u8x8_FillDisplay), (28 bytes).
    Removing u8x8_display.o(i.u8x8_InitInterface), (32 bytes).
    Removing u8x8_display.o(i.u8x8_SetContrast), (16 bytes).
    Removing u8x8_display.o(i.u8x8_SetFlipMode), (16 bytes).
    Removing u8x8_fonts.o(.constdata), (1796 bytes).
    Removing u8x8_fonts.o(.constdata), (764 bytes).
    Removing u8x8_fonts.o(.constdata), (220 bytes).
    Removing u8x8_fonts.o(.constdata), (517 bytes).
    Removing u8x8_fonts.o(.constdata), (1796 bytes).
    Removing u8x8_fonts.o(.constdata), (764 bytes).
    Removing u8x8_fonts.o(.constdata), (220 bytes).
    Removing u8x8_fonts.o(.constdata), (1796 bytes).
    Removing u8x8_fonts.o(.constdata), (764 bytes).
    Removing u8x8_fonts.o(.constdata), (220 bytes).
    Removing u8x8_fonts.o(.constdata), (3588 bytes).
    Removing u8x8_fonts.o(.constdata), (1524 bytes).
    Removing u8x8_fonts.o(.constdata), (436 bytes).
    Removing u8x8_fonts.o(.constdata), (3588 bytes).
    Removing u8x8_fonts.o(.constdata), (1524 bytes).
    Removing u8x8_fonts.o(.constdata), (436 bytes).
    Removing u8x8_fonts.o(.constdata), (3588 bytes).
    Removing u8x8_fonts.o(.constdata), (1524 bytes).
    Removing u8x8_fonts.o(.constdata), (436 bytes).
    Removing u8x8_fonts.o(.constdata), (3588 bytes).
    Removing u8x8_fonts.o(.constdata), (1524 bytes).
    Removing u8x8_fonts.o(.constdata), (436 bytes).
    Removing u8x8_fonts.o(.constdata), (229 bytes).
    Removing u8x8_fonts.o(.constdata), (45 bytes).
    Removing u8x8_fonts.o(.constdata), (140 bytes).
    Removing u8x8_fonts.o(.constdata), (148 bytes).
    Removing u8x8_fonts.o(.constdata), (156 bytes).
    Removing u8x8_fonts.o(.constdata), (52 bytes).
    Removing u8x8_fonts.o(.constdata), (900 bytes).
    Removing u8x8_fonts.o(.constdata), (164 bytes).
    Removing u8x8_fonts.o(.constdata), (548 bytes).
    Removing u8x8_fonts.o(.constdata), (580 bytes).
    Removing u8x8_fonts.o(.constdata), (612 bytes).
    Removing u8x8_fonts.o(.constdata), (197 bytes).
    Removing u8x8_fonts.o(.constdata), (3588 bytes).
    Removing u8x8_fonts.o(.constdata), (644 bytes).
    Removing u8x8_fonts.o(.constdata), (2180 bytes).
    Removing u8x8_fonts.o(.constdata), (2308 bytes).
    Removing u8x8_fonts.o(.constdata), (2436 bytes).
    Removing u8x8_fonts.o(.constdata), (772 bytes).
    Removing u8x8_fonts.o(.constdata), (14340 bytes).
    Removing u8x8_fonts.o(.constdata), (2564 bytes).
    Removing u8x8_fonts.o(.constdata), (8708 bytes).
    Removing u8x8_fonts.o(.constdata), (9220 bytes).
    Removing u8x8_fonts.o(.constdata), (9732 bytes).
    Removing u8x8_fonts.o(.constdata), (3076 bytes).
    Removing u8x8_fonts.o(.constdata), (10756 bytes).
    Removing u8x8_fonts.o(.constdata), (4612 bytes).
    Removing u8x8_fonts.o(.constdata), (1300 bytes).
    Removing u8x8_fonts.o(.constdata), (772 bytes).
    Removing u8x8_fonts.o(.constdata), (220 bytes).
    Removing u8x8_fonts.o(.constdata), (517 bytes).
    Removing u8x8_fonts.o(.constdata), (764 bytes).
    Removing u8x8_fonts.o(.constdata), (220 bytes).
    Removing u8x8_fonts.o(.constdata), (517 bytes).
    Removing u8x8_fonts.o(.constdata), (772 bytes).
    Removing u8x8_fonts.o(.constdata), (220 bytes).
    Removing u8x8_fonts.o(.constdata), (517 bytes).
    Removing u8x8_fonts.o(.constdata), (220 bytes).
    Removing u8x8_fonts.o(.constdata), (517 bytes).
    Removing u8x8_fonts.o(.constdata), (772 bytes).
    Removing u8x8_fonts.o(.constdata), (220 bytes).
    Removing u8x8_fonts.o(.constdata), (517 bytes).
    Removing u8x8_fonts.o(.constdata), (772 bytes).
    Removing u8x8_fonts.o(.constdata), (220 bytes).
    Removing u8x8_fonts.o(.constdata), (517 bytes).
    Removing u8x8_fonts.o(.constdata), (772 bytes).
    Removing u8x8_fonts.o(.constdata), (220 bytes).
    Removing u8x8_fonts.o(.constdata), (517 bytes).
    Removing u8x8_fonts.o(.constdata), (10756 bytes).
    Removing u8x8_fonts.o(.constdata), (4564 bytes).
    Removing u8x8_fonts.o(.constdata), (1300 bytes).
    Removing u8x8_fonts.o(.constdata), (10756 bytes).
    Removing u8x8_fonts.o(.constdata), (4564 bytes).
    Removing u8x8_fonts.o(.constdata), (1300 bytes).
    Removing u8x8_fonts.o(.constdata), (21508 bytes).
    Removing u8x8_fonts.o(.constdata), (9124 bytes).
    Removing u8x8_fonts.o(.constdata), (2596 bytes).
    Removing u8x8_fonts.o(.constdata), (21508 bytes).
    Removing u8x8_fonts.o(.constdata), (9124 bytes).
    Removing u8x8_fonts.o(.constdata), (2596 bytes).
    Removing u8x8_fonts.o(.constdata), (7076 bytes).
    Removing u8x8_fonts.o(.constdata), (2916 bytes).
    Removing u8x8_fonts.o(.constdata), (868 bytes).
    Removing u8x8_fonts.o(.constdata), (7076 bytes).
    Removing u8x8_fonts.o(.constdata), (2916 bytes).
    Removing u8x8_fonts.o(.constdata), (868 bytes).
    Removing u8x8_fonts.o(.constdata), (14340 bytes).
    Removing u8x8_fonts.o(.constdata), (6084 bytes).
    Removing u8x8_fonts.o(.constdata), (1732 bytes).
    Removing u8x8_fonts.o(.constdata), (32260 bytes).
    Removing u8x8_fonts.o(.constdata), (13684 bytes).
    Removing u8x8_fonts.o(.constdata), (3892 bytes).
    Removing u8x8_fonts.o(.constdata), (24324 bytes).
    Removing u8x8_fonts.o(.constdata), (6916 bytes).
    Removing u8x8_fonts.o(.constdata), (14340 bytes).
    Removing u8x8_fonts.o(.constdata), (6084 bytes).
    Removing u8x8_fonts.o(.constdata), (1732 bytes).
    Removing u8x8_fonts.o(.constdata), (32260 bytes).
    Removing u8x8_fonts.o(.constdata), (13684 bytes).
    Removing u8x8_fonts.o(.constdata), (3892 bytes).
    Removing u8x8_fonts.o(.constdata), (24324 bytes).
    Removing u8x8_fonts.o(.constdata), (6916 bytes).
    Removing u8x8_fonts.o(.constdata), (1796 bytes).
    Removing u8x8_fonts.o(.constdata), (772 bytes).
    Removing u8x8_fonts.o(.constdata), (220 bytes).
    Removing u8x8_fonts.o(.constdata), (516 bytes).
    Removing u8x8_fonts.o(.constdata), (1796 bytes).
    Removing u8x8_fonts.o(.constdata), (772 bytes).
    Removing u8x8_fonts.o(.constdata), (220 bytes).
    Removing u8x8_fonts.o(.constdata), (517 bytes).
    Removing u8x8_fonts.o(.constdata), (1796 bytes).
    Removing u8x8_fonts.o(.constdata), (773 bytes).
    Removing u8x8_fonts.o(.constdata), (220 bytes).
    Removing u8x8_fonts.o(.constdata), (517 bytes).
    Removing u8x8_fonts.o(.constdata), (1796 bytes).
    Removing u8x8_fonts.o(.constdata), (772 bytes).
    Removing u8x8_fonts.o(.constdata), (220 bytes).
    Removing u8x8_fonts.o(.constdata), (517 bytes).
    Removing u8x8_fonts.o(.constdata), (1796 bytes).
    Removing u8x8_fonts.o(.constdata), (772 bytes).
    Removing u8x8_fonts.o(.constdata), (220 bytes).
    Removing u8x8_fonts.o(.constdata), (517 bytes).
    Removing u8x8_fonts.o(.constdata), (7172 bytes).
    Removing u8x8_fonts.o(.constdata), (3077 bytes).
    Removing u8x8_fonts.o(.constdata), (868 bytes).
    Removing u8x8_fonts.o(.constdata), (7172 bytes).
    Removing u8x8_fonts.o(.constdata), (3077 bytes).
    Removing u8x8_fonts.o(.constdata), (868 bytes).
    Removing u8x8_input_value.o(i.u8x8_UserInterfaceInputValue), (262 bytes).
    Removing u8x8_message.o(i.u8x8_UserInterfaceMessage), (240 bytes).
    Removing u8x8_message.o(i.u8x8_draw_button_line), (164 bytes).
    Removing u8x8_selection_list.o(i.u8sl_Next), (42 bytes).
    Removing u8x8_selection_list.o(i.u8sl_Prev), (40 bytes).
    Removing u8x8_selection_list.o(i.u8x8_DrawSelectionList), (44 bytes).
    Removing u8x8_selection_list.o(i.u8x8_UserInterfaceSelectionList), (192 bytes).
    Removing u8x8_selection_list.o(i.u8x8_sl_string_line_cb), (76 bytes).
    Removing u8x8_setup.o(i.u8x8_d_null_cb), (32 bytes).
    Removing u8x8_setup.o(.constdata), (24 bytes).
    Removing u8x8_string.o(i.u8x8_CopyStringLine), (40 bytes).
    Removing u8x8_string.o(i.u8x8_DrawUTF8Line), (116 bytes).
    Removing u8x8_string.o(i.u8x8_DrawUTF8Lines), (66 bytes).
    Removing u8x8_string.o(i.u8x8_GetStringLineCnt), (26 bytes).
    Removing u8x8_string.o(i.u8x8_GetStringLineStart), (36 bytes).
    Removing u8x8_u8toa.o(i.u8x8_u8toa), (24 bytes).
    Removing u8x8_u8toa.o(i.u8x8_u8toap), (44 bytes).
    Removing u8x8_u8toa.o(.constdata), (3 bytes).
    Removing u8x8_u8toa.o(.data), (4 bytes).
    Removing u8x8_u16toa.o(i.u8x8_u16toa), (24 bytes).
    Removing u8x8_u16toa.o(i.u8x8_u16toap), (46 bytes).
    Removing u8x8_u16toa.o(i.u8x8_utoa), (28 bytes).
    Removing u8x8_u16toa.o(.data), (6 bytes).

2629 unused section(s) (total 11508709 bytes) removed from the image.

==============================================================================

Image Symbol Table

    Local Symbols

    Symbol Name                              Value     Ov Type        Size  Object(Section)

    ../Core/Src/gpio.c                       0x00000000   Number         0  gpio.o ABSOLUTE
    ../Core/Src/main.c                       0x00000000   Number         0  main.o ABSOLUTE
    ../Core/Src/stm32f1xx_hal_msp.c          0x00000000   Number         0  stm32f1xx_hal_msp.o ABSOLUTE
    ../Core/Src/stm32f1xx_it.c               0x00000000   Number         0  stm32f1xx_it.o ABSOLUTE
    ../Core/Src/system_stm32f1xx.c           0x00000000   Number         0  system_stm32f1xx.o ABSOLUTE
    ../Core/Src/usart.c                      0x00000000   Number         0  usart.o ABSOLUTE
    ../Drivers/STM32F1xx_HAL_Driver/Src/stm32f1xx_hal.c 0x00000000   Number         0  stm32f1xx_hal.o ABSOLUTE
    ../Drivers/STM32F1xx_HAL_Driver/Src/stm32f1xx_hal_cortex.c 0x00000000   Number         0  stm32f1xx_hal_cortex.o ABSOLUTE
    ../Drivers/STM32F1xx_HAL_Driver/Src/stm32f1xx_hal_dma.c 0x00000000   Number         0  stm32f1xx_hal_dma.o ABSOLUTE
    ../Drivers/STM32F1xx_HAL_Driver/Src/stm32f1xx_hal_exti.c 0x00000000   Number         0  stm32f1xx_hal_exti.o ABSOLUTE
    ../Drivers/STM32F1xx_HAL_Driver/Src/stm32f1xx_hal_flash.c 0x00000000   Number         0  stm32f1xx_hal_flash.o ABSOLUTE
    ../Drivers/STM32F1xx_HAL_Driver/Src/stm32f1xx_hal_flash_ex.c 0x00000000   Number         0  stm32f1xx_hal_flash_ex.o ABSOLUTE
    ../Drivers/STM32F1xx_HAL_Driver/Src/stm32f1xx_hal_gpio.c 0x00000000   Number         0  stm32f1xx_hal_gpio.o ABSOLUTE
    ../Drivers/STM32F1xx_HAL_Driver/Src/stm32f1xx_hal_gpio_ex.c 0x00000000   Number         0  stm32f1xx_hal_gpio_ex.o ABSOLUTE
    ../Drivers/STM32F1xx_HAL_Driver/Src/stm32f1xx_hal_pwr.c 0x00000000   Number         0  stm32f1xx_hal_pwr.o ABSOLUTE
    ../Drivers/STM32F1xx_HAL_Driver/Src/stm32f1xx_hal_rcc.c 0x00000000   Number         0  stm32f1xx_hal_rcc.o ABSOLUTE
    ../Drivers/STM32F1xx_HAL_Driver/Src/stm32f1xx_hal_rcc_ex.c 0x00000000   Number         0  stm32f1xx_hal_rcc_ex.o ABSOLUTE
    ../Drivers/STM32F1xx_HAL_Driver/Src/stm32f1xx_hal_tim.c 0x00000000   Number         0  stm32f1xx_hal_tim.o ABSOLUTE
    ../Drivers/STM32F1xx_HAL_Driver/Src/stm32f1xx_hal_tim_ex.c 0x00000000   Number         0  stm32f1xx_hal_tim_ex.o ABSOLUTE
    ../Drivers/STM32F1xx_HAL_Driver/Src/stm32f1xx_hal_uart.c 0x00000000   Number         0  stm32f1xx_hal_uart.o ABSOLUTE
    ../clib/microlib/init/entry.s            0x00000000   Number         0  entry10b.o ABSOLUTE
    ../clib/microlib/init/entry.s            0x00000000   Number         0  entry2.o ABSOLUTE
    ../clib/microlib/init/entry.s            0x00000000   Number         0  entry11a.o ABSOLUTE
    ../clib/microlib/init/entry.s            0x00000000   Number         0  entry11b.o ABSOLUTE
    ../clib/microlib/init/entry.s            0x00000000   Number         0  entry12a.o ABSOLUTE
    ../clib/microlib/init/entry.s            0x00000000   Number         0  entry12b.o ABSOLUTE
    ../clib/microlib/init/entry.s            0x00000000   Number         0  entry5.o ABSOLUTE
    ../clib/microlib/init/entry.s            0x00000000   Number         0  entry.o ABSOLUTE
    ../clib/microlib/init/entry.s            0x00000000   Number         0  entry7a.o ABSOLUTE
    ../clib/microlib/init/entry.s            0x00000000   Number         0  entry8b.o ABSOLUTE
    ../clib/microlib/init/entry.s            0x00000000   Number         0  entry7b.o ABSOLUTE
    ../clib/microlib/init/entry.s            0x00000000   Number         0  entry8a.o ABSOLUTE
    ../clib/microlib/init/entry.s            0x00000000   Number         0  entry9a.o ABSOLUTE
    ../clib/microlib/init/entry.s            0x00000000   Number         0  entry9b.o ABSOLUTE
    ../clib/microlib/init/entry.s            0x00000000   Number         0  entry10a.o ABSOLUTE
    ../clib/microlib/longlong.c              0x00000000   Number         0  llushr.o ABSOLUTE
    ../clib/microlib/string/memset.c         0x00000000   Number         0  memseta.o ABSOLUTE
    ..\Core\Src\gpio.c                       0x00000000   Number         0  gpio.o ABSOLUTE
    ..\Core\Src\main.c                       0x00000000   Number         0  main.o ABSOLUTE
    ..\Core\Src\stm32f1xx_hal_msp.c          0x00000000   Number         0  stm32f1xx_hal_msp.o ABSOLUTE
    ..\Core\Src\stm32f1xx_it.c               0x00000000   Number         0  stm32f1xx_it.o ABSOLUTE
    ..\Core\Src\system_stm32f1xx.c           0x00000000   Number         0  system_stm32f1xx.o ABSOLUTE
    ..\Core\Src\usart.c                      0x00000000   Number         0  usart.o ABSOLUTE
    ..\Core\U8g2\mui.c                       0x00000000   Number         0  mui.o ABSOLUTE
    ..\Core\U8g2\mui_u8g2.c                  0x00000000   Number         0  mui_u8g2.o ABSOLUTE
    ..\Core\U8g2\u8g2_bitmap.c               0x00000000   Number         0  u8g2_bitmap.o ABSOLUTE
    ..\Core\U8g2\u8g2_box.c                  0x00000000   Number         0  u8g2_box.o ABSOLUTE
    ..\Core\U8g2\u8g2_buffer.c               0x00000000   Number         0  u8g2_buffer.o ABSOLUTE
    ..\Core\U8g2\u8g2_button.c               0x00000000   Number         0  u8g2_button.o ABSOLUTE
    ..\Core\U8g2\u8g2_circle.c               0x00000000   Number         0  u8g2_circle.o ABSOLUTE
    ..\Core\U8g2\u8g2_cleardisplay.c         0x00000000   Number         0  u8g2_cleardisplay.o ABSOLUTE
    ..\Core\U8g2\u8g2_d_memory.c             0x00000000   Number         0  u8g2_d_memory.o ABSOLUTE
    ..\Core\U8g2\u8g2_d_setup.c              0x00000000   Number         0  u8g2_d_setup.o ABSOLUTE
    ..\Core\U8g2\u8g2_font.c                 0x00000000   Number         0  u8g2_font.o ABSOLUTE
    ..\Core\U8g2\u8g2_fonts.c                0x00000000   Number         0  u8g2_fonts.o ABSOLUTE
    ..\Core\U8g2\u8g2_hvline.c               0x00000000   Number         0  u8g2_hvline.o ABSOLUTE
    ..\Core\U8g2\u8g2_input_value.c          0x00000000   Number         0  u8g2_input_value.o ABSOLUTE
    ..\Core\U8g2\u8g2_intersection.c         0x00000000   Number         0  u8g2_intersection.o ABSOLUTE
    ..\Core\U8g2\u8g2_kerning.c              0x00000000   Number         0  u8g2_kerning.o ABSOLUTE
    ..\Core\U8g2\u8g2_line.c                 0x00000000   Number         0  u8g2_line.o ABSOLUTE
    ..\Core\U8g2\u8g2_ll_hvline.c            0x00000000   Number         0  u8g2_ll_hvline.o ABSOLUTE
    ..\Core\U8g2\u8g2_message.c              0x00000000   Number         0  u8g2_message.o ABSOLUTE
    ..\Core\U8g2\u8g2_polygon.c              0x00000000   Number         0  u8g2_polygon.o ABSOLUTE
    ..\Core\U8g2\u8g2_selection_list.c       0x00000000   Number         0  u8g2_selection_list.o ABSOLUTE
    ..\Core\U8g2\u8g2_setup.c                0x00000000   Number         0  u8g2_setup.o ABSOLUTE
    ..\Core\U8g2\u8log.c                     0x00000000   Number         0  u8log.o ABSOLUTE
    ..\Core\U8g2\u8log_u8g2.c                0x00000000   Number         0  u8log_u8g2.o ABSOLUTE
    ..\Core\U8g2\u8log_u8x8.c                0x00000000   Number         0  u8log_u8x8.o ABSOLUTE
    ..\Core\U8g2\u8x8_8x8.c                  0x00000000   Number         0  u8x8_8x8.o ABSOLUTE
    ..\Core\U8g2\u8x8_byte.c                 0x00000000   Number         0  u8x8_byte.o ABSOLUTE
    ..\Core\U8g2\u8x8_cad.c                  0x00000000   Number         0  u8x8_cad.o ABSOLUTE
    ..\Core\U8g2\u8x8_capture.c              0x00000000   Number         0  u8x8_capture.o ABSOLUTE
    ..\Core\U8g2\u8x8_d_ssd1306_128x64_noname.c 0x00000000   Number         0  u8x8_d_ssd1306_128x64_noname.o ABSOLUTE
    ..\Core\U8g2\u8x8_debounce.c             0x00000000   Number         0  u8x8_debounce.o ABSOLUTE
    ..\Core\U8g2\u8x8_display.c              0x00000000   Number         0  u8x8_display.o ABSOLUTE
    ..\Core\U8g2\u8x8_fonts.c                0x00000000   Number         0  u8x8_fonts.o ABSOLUTE
    ..\Core\U8g2\u8x8_gpio.c                 0x00000000   Number         0  u8x8_gpio.o ABSOLUTE
    ..\Core\U8g2\u8x8_input_value.c          0x00000000   Number         0  u8x8_input_value.o ABSOLUTE
    ..\Core\U8g2\u8x8_message.c              0x00000000   Number         0  u8x8_message.o ABSOLUTE
    ..\Core\U8g2\u8x8_selection_list.c       0x00000000   Number         0  u8x8_selection_list.o ABSOLUTE
    ..\Core\U8g2\u8x8_setup.c                0x00000000   Number         0  u8x8_setup.o ABSOLUTE
    ..\Core\U8g2\u8x8_string.c               0x00000000   Number         0  u8x8_string.o ABSOLUTE
    ..\Core\U8g2\u8x8_u16toa.c               0x00000000   Number         0  u8x8_u16toa.o ABSOLUTE
    ..\Core\U8g2\u8x8_u8toa.c                0x00000000   Number         0  u8x8_u8toa.o ABSOLUTE
    ..\Drivers\STM32F1xx_HAL_Driver\Src\stm32f1xx_hal.c 0x00000000   Number         0  stm32f1xx_hal.o ABSOLUTE
    ..\Drivers\STM32F1xx_HAL_Driver\Src\stm32f1xx_hal_cortex.c 0x00000000   Number         0  stm32f1xx_hal_cortex.o ABSOLUTE
    ..\Drivers\STM32F1xx_HAL_Driver\Src\stm32f1xx_hal_dma.c 0x00000000   Number         0  stm32f1xx_hal_dma.o ABSOLUTE
    ..\Drivers\STM32F1xx_HAL_Driver\Src\stm32f1xx_hal_exti.c 0x00000000   Number         0  stm32f1xx_hal_exti.o ABSOLUTE
    ..\Drivers\STM32F1xx_HAL_Driver\Src\stm32f1xx_hal_flash.c 0x00000000   Number         0  stm32f1xx_hal_flash.o ABSOLUTE
    ..\Drivers\STM32F1xx_HAL_Driver\Src\stm32f1xx_hal_flash_ex.c 0x00000000   Number         0  stm32f1xx_hal_flash_ex.o ABSOLUTE
    ..\Drivers\STM32F1xx_HAL_Driver\Src\stm32f1xx_hal_gpio.c 0x00000000   Number         0  stm32f1xx_hal_gpio.o ABSOLUTE
    ..\Drivers\STM32F1xx_HAL_Driver\Src\stm32f1xx_hal_gpio_ex.c 0x00000000   Number         0  stm32f1xx_hal_gpio_ex.o ABSOLUTE
    ..\Drivers\STM32F1xx_HAL_Driver\Src\stm32f1xx_hal_pwr.c 0x00000000   Number         0  stm32f1xx_hal_pwr.o ABSOLUTE
    ..\Drivers\STM32F1xx_HAL_Driver\Src\stm32f1xx_hal_rcc.c 0x00000000   Number         0  stm32f1xx_hal_rcc.o ABSOLUTE
    ..\Drivers\STM32F1xx_HAL_Driver\Src\stm32f1xx_hal_rcc_ex.c 0x00000000   Number         0  stm32f1xx_hal_rcc_ex.o ABSOLUTE
    ..\Drivers\STM32F1xx_HAL_Driver\Src\stm32f1xx_hal_tim.c 0x00000000   Number         0  stm32f1xx_hal_tim.o ABSOLUTE
    ..\Drivers\STM32F1xx_HAL_Driver\Src\stm32f1xx_hal_tim_ex.c 0x00000000   Number         0  stm32f1xx_hal_tim_ex.o ABSOLUTE
    ..\Drivers\STM32F1xx_HAL_Driver\Src\stm32f1xx_hal_uart.c 0x00000000   Number         0  stm32f1xx_hal_uart.o ABSOLUTE
    dc.s                                     0x00000000   Number         0  dc.o ABSOLUTE
    handlers.s                               0x00000000   Number         0  handlers.o ABSOLUTE
    init.s                                   0x00000000   Number         0  init.o ABSOLUTE
    startup_stm32f103xe.s                    0x00000000   Number         0  startup_stm32f103xe.o ABSOLUTE
    RESET                                    0x08000000   Section      304  startup_stm32f103xe.o(RESET)
    .ARM.Collect$$$$00000000                 0x08000130   Section        0  entry.o(.ARM.Collect$$$$00000000)
    .ARM.Collect$$$$00000001                 0x08000130   Section        4  entry2.o(.ARM.Collect$$$$00000001)
    .ARM.Collect$$$$00000004                 0x08000134   Section        4  entry5.o(.ARM.Collect$$$$00000004)
    .ARM.Collect$$$$00000008                 0x08000138   Section        0  entry7b.o(.ARM.Collect$$$$00000008)
    .ARM.Collect$$$$0000000A                 0x08000138   Section        0  entry8b.o(.ARM.Collect$$$$0000000A)
    .ARM.Collect$$$$0000000B                 0x08000138   Section        8  entry9a.o(.ARM.Collect$$$$0000000B)
    .ARM.Collect$$$$0000000E                 0x08000140   Section        4  entry12b.o(.ARM.Collect$$$$0000000E)
    .ARM.Collect$$$$0000000F                 0x08000144   Section        0  entry10a.o(.ARM.Collect$$$$0000000F)
    .ARM.Collect$$$$00000011                 0x08000144   Section        0  entry11a.o(.ARM.Collect$$$$00000011)
    .ARM.Collect$$$$00002712                 0x08000144   Section        4  entry2.o(.ARM.Collect$$$$00002712)
    __lit__00000000                          0x08000144   Data           4  entry2.o(.ARM.Collect$$$$00002712)
    .text                                    0x08000148   Section       36  startup_stm32f103xe.o(.text)
    .text                                    0x0800016c   Section        0  memseta.o(.text)
    .text                                    0x08000190   Section       36  init.o(.text)
    i.BusFault_Handler                       0x080001b4   Section        0  stm32f1xx_it.o(i.BusFault_Handler)
    i.DebugMon_Handler                       0x080001b6   Section        0  stm32f1xx_it.o(i.DebugMon_Handler)
    i.HAL_Delay                              0x080001b8   Section        0  stm32f1xx_hal.o(i.HAL_Delay)
    i.HAL_GPIO_Init                          0x080001dc   Section        0  stm32f1xx_hal_gpio.o(i.HAL_GPIO_Init)
    i.HAL_GPIO_WritePin                      0x080003d4   Section        0  stm32f1xx_hal_gpio.o(i.HAL_GPIO_WritePin)
    i.HAL_GetTick                            0x080003e0   Section        0  stm32f1xx_hal.o(i.HAL_GetTick)
    i.HAL_IncTick                            0x080003ec   Section        0  stm32f1xx_hal.o(i.HAL_IncTick)
    i.HAL_Init                               0x080003fc   Section        0  stm32f1xx_hal.o(i.HAL_Init)
    i.HAL_InitTick                           0x08000420   Section        0  stm32f1xx_hal.o(i.HAL_InitTick)
    i.HAL_MspInit                            0x08000460   Section        0  stm32f1xx_hal_msp.o(i.HAL_MspInit)
    i.HAL_NVIC_SetPriority                   0x0800049c   Section        0  stm32f1xx_hal_cortex.o(i.HAL_NVIC_SetPriority)
    i.HAL_NVIC_SetPriorityGrouping           0x080004dc   Section        0  stm32f1xx_hal_cortex.o(i.HAL_NVIC_SetPriorityGrouping)
    i.HAL_RCC_ClockConfig                    0x08000500   Section        0  stm32f1xx_hal_rcc.o(i.HAL_RCC_ClockConfig)
    i.HAL_RCC_GetSysClockFreq                0x0800062c   Section        0  stm32f1xx_hal_rcc.o(i.HAL_RCC_GetSysClockFreq)
    i.HAL_RCC_OscConfig                      0x08000698   Section        0  stm32f1xx_hal_rcc.o(i.HAL_RCC_OscConfig)
    i.HAL_SYSTICK_Config                     0x080009b8   Section        0  stm32f1xx_hal_cortex.o(i.HAL_SYSTICK_Config)
    i.HardFault_Handler                      0x080009e0   Section        0  stm32f1xx_it.o(i.HardFault_Handler)
    i.MX_GPIO_Init                           0x080009e4   Section        0  gpio.o(i.MX_GPIO_Init)
    i.MemManage_Handler                      0x08000a80   Section        0  stm32f1xx_it.o(i.MemManage_Handler)
    i.NMI_Handler                            0x08000a82   Section        0  stm32f1xx_it.o(i.NMI_Handler)
    i.PendSV_Handler                         0x08000a84   Section        0  stm32f1xx_it.o(i.PendSV_Handler)
    i.STM32_gpio_and_delay                   0x08000a88   Section        0  main.o(i.STM32_gpio_and_delay)
    i.SVC_Handler                            0x08000af8   Section        0  stm32f1xx_it.o(i.SVC_Handler)
    i.SysTick_Handler                        0x08000afa   Section        0  stm32f1xx_it.o(i.SysTick_Handler)
    i.SystemClock_Config                     0x08000afe   Section        0  main.o(i.SystemClock_Config)
    i.SystemInit                             0x08000b5c   Section        0  system_stm32f1xx.o(i.SystemInit)
    i.UsageFault_Handler                     0x08000b5e   Section        0  stm32f1xx_it.o(i.UsageFault_Handler)
    i.__NVIC_SetPriority                     0x08000b60   Section        0  stm32f1xx_hal_cortex.o(i.__NVIC_SetPriority)
    __NVIC_SetPriority                       0x08000b61   Thumb Code    32  stm32f1xx_hal_cortex.o(i.__NVIC_SetPriority)
    i.__scatterload_copy                     0x08000b80   Section       14  handlers.o(i.__scatterload_copy)
    i.__scatterload_null                     0x08000b8e   Section        2  handlers.o(i.__scatterload_null)
    i.__scatterload_zeroinit                 0x08000b90   Section       14  handlers.o(i.__scatterload_zeroinit)
    i.delay_us                               0x08000b9e   Section        0  main.o(i.delay_us)
    i.i2c_clear_scl                          0x08000ba6   Section        0  u8x8_byte.o(i.i2c_clear_scl)
    i2c_clear_scl                            0x08000ba7   Thumb Code     8  u8x8_byte.o(i.i2c_clear_scl)
    i.i2c_clear_sda                          0x08000bae   Section        0  u8x8_byte.o(i.i2c_clear_sda)
    i2c_clear_sda                            0x08000baf   Thumb Code     8  u8x8_byte.o(i.i2c_clear_sda)
    i.i2c_delay                              0x08000bb6   Section        0  u8x8_byte.o(i.i2c_delay)
    i2c_delay                                0x08000bb7   Thumb Code    10  u8x8_byte.o(i.i2c_delay)
    i.i2c_read_scl_and_delay                 0x08000bc0   Section        0  u8x8_byte.o(i.i2c_read_scl_and_delay)
    i2c_read_scl_and_delay                   0x08000bc1   Thumb Code    22  u8x8_byte.o(i.i2c_read_scl_and_delay)
    i.i2c_read_sda                           0x08000bd6   Section        0  u8x8_byte.o(i.i2c_read_sda)
    i2c_read_sda                             0x08000bd7   Thumb Code     8  u8x8_byte.o(i.i2c_read_sda)
    i.i2c_write_bit                          0x08000bde   Section        0  u8x8_byte.o(i.i2c_write_bit)
    i2c_write_bit                            0x08000bdf   Thumb Code    38  u8x8_byte.o(i.i2c_write_bit)
    i.i2c_write_byte                         0x08000c04   Section        0  u8x8_byte.o(i.i2c_write_byte)
    i2c_write_byte                           0x08000c05   Thumb Code   124  u8x8_byte.o(i.i2c_write_byte)
    i.main                                   0x08000c80   Section        0  main.o(i.main)
    i.u8g2_ClearBuffer                       0x08000cfc   Section        0  u8g2_buffer.o(i.u8g2_ClearBuffer)
    i.u8g2_DrawCircle                        0x08000d0e   Section        0  u8g2_circle.o(i.u8g2_DrawCircle)
    i.u8g2_DrawHVLine                        0x08000d50   Section        0  u8g2_hvline.o(i.u8g2_DrawHVLine)
    i.u8g2_DrawPixel                         0x08000dfc   Section        0  u8g2_hvline.o(i.u8g2_DrawPixel)
    i.u8g2_IsIntersection                    0x08000e2a   Section        0  u8g2_intersection.o(i.u8g2_IsIntersection)
    i.u8g2_SendBuffer                        0x08000e5a   Section        0  u8g2_buffer.o(i.u8g2_SendBuffer)
    i.u8g2_SetFontPosBaseline                0x08000e6c   Section        0  u8g2_font.o(i.u8g2_SetFontPosBaseline)
    i.u8g2_SetMaxClipWindow                  0x08000e78   Section        0  u8g2_setup.o(i.u8g2_SetMaxClipWindow)
    i.u8g2_SetupBuffer                       0x08000e94   Section        0  u8g2_setup.o(i.u8g2_SetupBuffer)
    i.u8g2_Setup_ssd1306_i2c_128x64_noname_f 0x08000ed8   Section        0  u8g2_d_setup.o(i.u8g2_Setup_ssd1306_i2c_128x64_noname_f)
    i.u8g2_apply_clip_window                 0x08000f10   Section        0  u8g2_setup.o(i.u8g2_apply_clip_window)
    u8g2_apply_clip_window                   0x08000f11   Thumb Code   110  u8g2_setup.o(i.u8g2_apply_clip_window)
    i.u8g2_clip_intersection2                0x08000f7e   Section        0  u8g2_hvline.o(i.u8g2_clip_intersection2)
    u8g2_clip_intersection2                  0x08000f7f   Thumb Code    60  u8g2_hvline.o(i.u8g2_clip_intersection2)
    i.u8g2_draw_circle                       0x08000fba   Section        0  u8g2_circle.o(i.u8g2_draw_circle)
    u8g2_draw_circle                         0x08000fbb   Thumb Code   106  u8g2_circle.o(i.u8g2_draw_circle)
    i.u8g2_draw_circle_section               0x08001024   Section        0  u8g2_circle.o(i.u8g2_draw_circle_section)
    u8g2_draw_circle_section                 0x08001025   Thumb Code   186  u8g2_circle.o(i.u8g2_draw_circle_section)
    i.u8g2_draw_hv_line_2dir                 0x080010de   Section        0  u8g2_hvline.o(i.u8g2_draw_hv_line_2dir)
    i.u8g2_draw_l90_r0                       0x080010f0   Section        0  u8g2_setup.o(i.u8g2_draw_l90_r0)
    i.u8g2_font_calc_vref_font               0x080010fc   Section        0  u8g2_font.o(i.u8g2_font_calc_vref_font)
    i.u8g2_is_intersection_decision_tree     0x08001100   Section        0  u8g2_intersection.o(i.u8g2_is_intersection_decision_tree)
    i.u8g2_ll_hvline_vertical_top_lsb        0x08001118   Section        0  u8g2_ll_hvline.o(i.u8g2_ll_hvline_vertical_top_lsb)
    i.u8g2_m_16_8_f                          0x080011a8   Section        0  u8g2_d_memory.o(i.u8g2_m_16_8_f)
    i.u8g2_send_buffer                       0x080011b4   Section        0  u8g2_buffer.o(i.u8g2_send_buffer)
    u8g2_send_buffer                         0x080011b5   Thumb Code    78  u8g2_buffer.o(i.u8g2_send_buffer)
    i.u8g2_update_dimension_common           0x08001202   Section        0  u8g2_setup.o(i.u8g2_update_dimension_common)
    u8g2_update_dimension_common             0x08001203   Thumb Code    70  u8g2_setup.o(i.u8g2_update_dimension_common)
    i.u8g2_update_dimension_r0               0x08001248   Section        0  u8g2_setup.o(i.u8g2_update_dimension_r0)
    i.u8g2_update_page_win_r0                0x0800124c   Section        0  u8g2_setup.o(i.u8g2_update_page_win_r0)
    i.u8x8_DrawTile                          0x0800126e   Section        0  u8x8_display.o(i.u8x8_DrawTile)
    i.u8x8_InitDisplay                       0x0800128c   Section        0  u8x8_display.o(i.u8x8_InitDisplay)
    i.u8x8_RefreshDisplay                    0x0800129c   Section        0  u8x8_display.o(i.u8x8_RefreshDisplay)
    i.u8x8_SetPowerSave                      0x080012ac   Section        0  u8x8_display.o(i.u8x8_SetPowerSave)
    i.u8x8_Setup                             0x080012bc   Section        0  u8x8_setup.o(i.u8x8_Setup)
    i.u8x8_SetupDefaults                     0x080012e0   Section        0  u8x8_setup.o(i.u8x8_SetupDefaults)
    i.u8x8_SetupMemory                       0x08001304   Section        0  u8x8_display.o(i.u8x8_SetupMemory)
    i.u8x8_byte_EndTransfer                  0x08001314   Section        0  u8x8_byte.o(i.u8x8_byte_EndTransfer)
    i.u8x8_byte_SendByte                     0x08001324   Section        0  u8x8_byte.o(i.u8x8_byte_SendByte)
    i.u8x8_byte_StartTransfer                0x08001332   Section        0  u8x8_byte.o(i.u8x8_byte_StartTransfer)
    i.u8x8_byte_sw_i2c                       0x08001342   Section        0  u8x8_byte.o(i.u8x8_byte_sw_i2c)
    i.u8x8_cad_EndTransfer                   0x080013fe   Section        0  u8x8_cad.o(i.u8x8_cad_EndTransfer)
    i.u8x8_cad_SendArg                       0x0800140e   Section        0  u8x8_cad.o(i.u8x8_cad_SendArg)
    i.u8x8_cad_SendCmd                       0x0800141e   Section        0  u8x8_cad.o(i.u8x8_cad_SendCmd)
    i.u8x8_cad_SendData                      0x0800142e   Section        0  u8x8_cad.o(i.u8x8_cad_SendData)
    i.u8x8_cad_SendSequence                  0x08001440   Section        0  u8x8_cad.o(i.u8x8_cad_SendSequence)
    i.u8x8_cad_StartTransfer                 0x080014a8   Section        0  u8x8_cad.o(i.u8x8_cad_StartTransfer)
    i.u8x8_cad_ssd13xx_fast_i2c              0x080014b8   Section        0  u8x8_cad.o(i.u8x8_cad_ssd13xx_fast_i2c)
    i.u8x8_d_helper_display_init             0x08001574   Section        0  u8x8_display.o(i.u8x8_d_helper_display_init)
    i.u8x8_d_helper_display_setup_memory     0x080015d4   Section        0  u8x8_display.o(i.u8x8_d_helper_display_setup_memory)
    i.u8x8_d_ssd1306_128x64_noname           0x080015e0   Section        0  u8x8_d_ssd1306_128x64_noname.o(i.u8x8_d_ssd1306_128x64_noname)
    i.u8x8_d_ssd1306_sh1106_generic          0x0800161c   Section        0  u8x8_d_ssd1306_128x64_noname.o(i.u8x8_d_ssd1306_sh1106_generic)
    u8x8_d_ssd1306_sh1106_generic            0x0800161d   Thumb Code   196  u8x8_d_ssd1306_128x64_noname.o(i.u8x8_d_ssd1306_sh1106_generic)
    i.u8x8_dummy_cb                          0x080016e4   Section        0  u8x8_setup.o(i.u8x8_dummy_cb)
    i.u8x8_gpio_call                         0x080016e8   Section        0  u8x8_gpio.o(i.u8x8_gpio_call)
    i.u8x8_i2c_data_transfer                 0x080016f4   Section        0  u8x8_cad.o(i.u8x8_i2c_data_transfer)
    u8x8_i2c_data_transfer                   0x080016f5   Thumb Code    44  u8x8_cad.o(i.u8x8_i2c_data_transfer)
    .constdata                               0x08001720   Section       16  system_stm32f1xx.o(.constdata)
    .constdata                               0x08001730   Section       12  u8g2_setup.o(.constdata)
    .constdata                               0x0800173c   Section      292  u8x8_d_ssd1306_128x64_noname.o(.constdata)
    u8x8_d_ssd1306_128x64_noname_powersave0_seq 0x0800173c   Data           5  u8x8_d_ssd1306_128x64_noname.o(.constdata)
    u8x8_d_ssd1306_128x64_noname_powersave1_seq 0x08001741   Data           5  u8x8_d_ssd1306_128x64_noname.o(.constdata)
    u8x8_d_ssd1306_128x64_noname_flip0_seq   0x08001746   Data           7  u8x8_d_ssd1306_128x64_noname.o(.constdata)
    u8x8_d_ssd1306_128x64_noname_flip1_seq   0x0800174d   Data           7  u8x8_d_ssd1306_128x64_noname.o(.constdata)
    u8x8_d_ssd1312_128x64_noname_flip0_seq   0x08001754   Data           7  u8x8_d_ssd1306_128x64_noname.o(.constdata)
    u8x8_d_ssd1312_128x64_noname_flip1_seq   0x0800175b   Data           7  u8x8_d_ssd1306_128x64_noname.o(.constdata)
    u8x8_d_ssd1306_128x64_noname_init_seq    0x08001762   Data          53  u8x8_d_ssd1306_128x64_noname.o(.constdata)
    u8x8_d_ssd1306_128x64_vcomh0_init_seq    0x08001797   Data          53  u8x8_d_ssd1306_128x64_noname.o(.constdata)
    u8x8_d_ssd1306_128x64_alt0_init_seq      0x080017cc   Data          53  u8x8_d_ssd1306_128x64_noname.o(.constdata)
    u8x8_d_sh1106_128x64_winstar_init_seq    0x08001801   Data          45  u8x8_d_ssd1306_128x64_noname.o(.constdata)
    u8x8_ssd1306_128x64_noname_display_info  0x08001830   Data          24  u8x8_d_ssd1306_128x64_noname.o(.constdata)
    u8x8_sh1106_128x64_noname_display_info   0x08001848   Data          24  u8x8_d_ssd1306_128x64_noname.o(.constdata)
    .data                                    0x20000000   Section       12  stm32f1xx_hal.o(.data)
    .data                                    0x2000000c   Section        4  system_stm32f1xx.o(.data)
    .data                                    0x20000010   Section        6  u8x8_cad.o(.data)
    in_transfer                              0x20000010   Data           1  u8x8_cad.o(.data)
    in_transfer                              0x20000011   Data           1  u8x8_cad.o(.data)
    in_transfer                              0x20000012   Data           1  u8x8_cad.o(.data)
    is_data                                  0x20000013   Data           1  u8x8_cad.o(.data)
    in_transfer                              0x20000014   Data           1  u8x8_cad.o(.data)
    is_data                                  0x20000015   Data           1  u8x8_cad.o(.data)
    .bss                                     0x20000018   Section     1152  u8g2_d_memory.o(.bss)
    buf                                      0x20000018   Data         128  u8g2_d_memory.o(.bss)
    buf                                      0x20000098   Data        1024  u8g2_d_memory.o(.bss)
    STACK                                    0x20000498   Section     1024  startup_stm32f103xe.o(STACK)

    Global Symbols

    Symbol Name                              Value     Ov Type        Size  Object(Section)

    BuildAttributes$$THM_ISAv4$P$D$K$B$S$PE$A:L22UL41UL21$X:L11$S22US41US21$IEEE1$IW$USESV6$~STKCKD$USESV7$~SHL$OSPACE$EBA8$MICROLIB$REQ8$PRES8$EABIv2 0x00000000   Number         0  anon$$obj.o ABSOLUTE
    __ARM_use_no_argv                        0x00000000   Number         0  main.o ABSOLUTE
    __arm_fini_                               - Undefined Weak Reference
    __cpp_initialize__aeabi_                  - Undefined Weak Reference
    __cxa_finalize                            - Undefined Weak Reference
    __decompress                              - Undefined Weak Reference
    _clock_init                               - Undefined Weak Reference
    _microlib_exit                            - Undefined Weak Reference
    __Vectors_Size                           0x00000130   Number         0  startup_stm32f103xe.o ABSOLUTE
    __Vectors                                0x08000000   Data           4  startup_stm32f103xe.o(RESET)
    __Vectors_End                            0x08000130   Data           0  startup_stm32f103xe.o(RESET)
    __main                                   0x08000131   Thumb Code     0  entry.o(.ARM.Collect$$$$00000000)
    _main_stk                                0x08000131   Thumb Code     0  entry2.o(.ARM.Collect$$$$00000001)
    _main_scatterload                        0x08000135   Thumb Code     0  entry5.o(.ARM.Collect$$$$00000004)
    __main_after_scatterload                 0x08000139   Thumb Code     0  entry5.o(.ARM.Collect$$$$00000004)
    _main_clock                              0x08000139   Thumb Code     0  entry7b.o(.ARM.Collect$$$$00000008)
    _main_cpp_init                           0x08000139   Thumb Code     0  entry8b.o(.ARM.Collect$$$$0000000A)
    _main_init                               0x08000139   Thumb Code     0  entry9a.o(.ARM.Collect$$$$0000000B)
    __rt_lib_shutdown_fini                   0x08000141   Thumb Code     0  entry12b.o(.ARM.Collect$$$$0000000E)
    __rt_final_cpp                           0x08000145   Thumb Code     0  entry10a.o(.ARM.Collect$$$$0000000F)
    __rt_final_exit                          0x08000145   Thumb Code     0  entry11a.o(.ARM.Collect$$$$00000011)
    Reset_Handler                            0x08000149   Thumb Code     8  startup_stm32f103xe.o(.text)
    ADC1_2_IRQHandler                        0x08000163   Thumb Code     0  startup_stm32f103xe.o(.text)
    ADC3_IRQHandler                          0x08000163   Thumb Code     0  startup_stm32f103xe.o(.text)
    CAN1_RX1_IRQHandler                      0x08000163   Thumb Code     0  startup_stm32f103xe.o(.text)
    CAN1_SCE_IRQHandler                      0x08000163   Thumb Code     0  startup_stm32f103xe.o(.text)
    DMA1_Channel1_IRQHandler                 0x08000163   Thumb Code     0  startup_stm32f103xe.o(.text)
    DMA1_Channel2_IRQHandler                 0x08000163   Thumb Code     0  startup_stm32f103xe.o(.text)
    DMA1_Channel3_IRQHandler                 0x08000163   Thumb Code     0  startup_stm32f103xe.o(.text)
    DMA1_Channel4_IRQHandler                 0x08000163   Thumb Code     0  startup_stm32f103xe.o(.text)
    DMA1_Channel5_IRQHandler                 0x08000163   Thumb Code     0  startup_stm32f103xe.o(.text)
    DMA1_Channel6_IRQHandler                 0x08000163   Thumb Code     0  startup_stm32f103xe.o(.text)
    DMA1_Channel7_IRQHandler                 0x08000163   Thumb Code     0  startup_stm32f103xe.o(.text)
    DMA2_Channel1_IRQHandler                 0x08000163   Thumb Code     0  startup_stm32f103xe.o(.text)
    DMA2_Channel2_IRQHandler                 0x08000163   Thumb Code     0  startup_stm32f103xe.o(.text)
    DMA2_Channel3_IRQHandler                 0x08000163   Thumb Code     0  startup_stm32f103xe.o(.text)
    DMA2_Channel4_5_IRQHandler               0x08000163   Thumb Code     0  startup_stm32f103xe.o(.text)
    EXTI0_IRQHandler                         0x08000163   Thumb Code     0  startup_stm32f103xe.o(.text)
    EXTI15_10_IRQHandler                     0x08000163   Thumb Code     0  startup_stm32f103xe.o(.text)
    EXTI1_IRQHandler                         0x08000163   Thumb Code     0  startup_stm32f103xe.o(.text)
    EXTI2_IRQHandler                         0x08000163   Thumb Code     0  startup_stm32f103xe.o(.text)
    EXTI3_IRQHandler                         0x08000163   Thumb Code     0  startup_stm32f103xe.o(.text)
    EXTI4_IRQHandler                         0x08000163   Thumb Code     0  startup_stm32f103xe.o(.text)
    EXTI9_5_IRQHandler                       0x08000163   Thumb Code     0  startup_stm32f103xe.o(.text)
    FLASH_IRQHandler                         0x08000163   Thumb Code     0  startup_stm32f103xe.o(.text)
    FSMC_IRQHandler                          0x08000163   Thumb Code     0  startup_stm32f103xe.o(.text)
    I2C1_ER_IRQHandler                       0x08000163   Thumb Code     0  startup_stm32f103xe.o(.text)
    I2C1_EV_IRQHandler                       0x08000163   Thumb Code     0  startup_stm32f103xe.o(.text)
    I2C2_ER_IRQHandler                       0x08000163   Thumb Code     0  startup_stm32f103xe.o(.text)
    I2C2_EV_IRQHandler                       0x08000163   Thumb Code     0  startup_stm32f103xe.o(.text)
    PVD_IRQHandler                           0x08000163   Thumb Code     0  startup_stm32f103xe.o(.text)
    RCC_IRQHandler                           0x08000163   Thumb Code     0  startup_stm32f103xe.o(.text)
    RTC_Alarm_IRQHandler                     0x08000163   Thumb Code     0  startup_stm32f103xe.o(.text)
    RTC_IRQHandler                           0x08000163   Thumb Code     0  startup_stm32f103xe.o(.text)
    SDIO_IRQHandler                          0x08000163   Thumb Code     0  startup_stm32f103xe.o(.text)
    SPI1_IRQHandler                          0x08000163   Thumb Code     0  startup_stm32f103xe.o(.text)
    SPI2_IRQHandler                          0x08000163   Thumb Code     0  startup_stm32f103xe.o(.text)
    SPI3_IRQHandler                          0x08000163   Thumb Code     0  startup_stm32f103xe.o(.text)
    TAMPER_IRQHandler                        0x08000163   Thumb Code     0  startup_stm32f103xe.o(.text)
    TIM1_BRK_IRQHandler                      0x08000163   Thumb Code     0  startup_stm32f103xe.o(.text)
    TIM1_CC_IRQHandler                       0x08000163   Thumb Code     0  startup_stm32f103xe.o(.text)
    TIM1_TRG_COM_IRQHandler                  0x08000163   Thumb Code     0  startup_stm32f103xe.o(.text)
    TIM1_UP_IRQHandler                       0x08000163   Thumb Code     0  startup_stm32f103xe.o(.text)
    TIM2_IRQHandler                          0x08000163   Thumb Code     0  startup_stm32f103xe.o(.text)
    TIM3_IRQHandler                          0x08000163   Thumb Code     0  startup_stm32f103xe.o(.text)
    TIM4_IRQHandler                          0x08000163   Thumb Code     0  startup_stm32f103xe.o(.text)
    TIM5_IRQHandler                          0x08000163   Thumb Code     0  startup_stm32f103xe.o(.text)
    TIM6_IRQHandler                          0x08000163   Thumb Code     0  startup_stm32f103xe.o(.text)
    TIM7_IRQHandler                          0x08000163   Thumb Code     0  startup_stm32f103xe.o(.text)
    TIM8_BRK_IRQHandler                      0x08000163   Thumb Code     0  startup_stm32f103xe.o(.text)
    TIM8_CC_IRQHandler                       0x08000163   Thumb Code     0  startup_stm32f103xe.o(.text)
    TIM8_TRG_COM_IRQHandler                  0x08000163   Thumb Code     0  startup_stm32f103xe.o(.text)
    TIM8_UP_IRQHandler                       0x08000163   Thumb Code     0  startup_stm32f103xe.o(.text)
    UART4_IRQHandler                         0x08000163   Thumb Code     0  startup_stm32f103xe.o(.text)
    UART5_IRQHandler                         0x08000163   Thumb Code     0  startup_stm32f103xe.o(.text)
    USART1_IRQHandler                        0x08000163   Thumb Code     0  startup_stm32f103xe.o(.text)
    USART2_IRQHandler                        0x08000163   Thumb Code     0  startup_stm32f103xe.o(.text)
    USART3_IRQHandler                        0x08000163   Thumb Code     0  startup_stm32f103xe.o(.text)
    USBWakeUp_IRQHandler                     0x08000163   Thumb Code     0  startup_stm32f103xe.o(.text)
    USB_HP_CAN1_TX_IRQHandler                0x08000163   Thumb Code     0  startup_stm32f103xe.o(.text)
    USB_LP_CAN1_RX0_IRQHandler               0x08000163   Thumb Code     0  startup_stm32f103xe.o(.text)
    WWDG_IRQHandler                          0x08000163   Thumb Code     0  startup_stm32f103xe.o(.text)
    __aeabi_memset                           0x0800016d   Thumb Code    14  memseta.o(.text)
    __aeabi_memset4                          0x0800016d   Thumb Code     0  memseta.o(.text)
    __aeabi_memset8                          0x0800016d   Thumb Code     0  memseta.o(.text)
    __aeabi_memclr                           0x0800017b   Thumb Code     4  memseta.o(.text)
    __aeabi_memclr4                          0x0800017b   Thumb Code     0  memseta.o(.text)
    __aeabi_memclr8                          0x0800017b   Thumb Code     0  memseta.o(.text)
    _memset$wrapper                          0x0800017f   Thumb Code    18  memseta.o(.text)
    __scatterload                            0x08000191   Thumb Code    28  init.o(.text)
    __scatterload_rt2                        0x08000191   Thumb Code     0  init.o(.text)
    BusFault_Handler                         0x080001b5   Thumb Code     2  stm32f1xx_it.o(i.BusFault_Handler)
    DebugMon_Handler                         0x080001b7   Thumb Code     2  stm32f1xx_it.o(i.DebugMon_Handler)
    HAL_Delay                                0x080001b9   Thumb Code    32  stm32f1xx_hal.o(i.HAL_Delay)
    HAL_GPIO_Init                            0x080001dd   Thumb Code   462  stm32f1xx_hal_gpio.o(i.HAL_GPIO_Init)
    HAL_GPIO_WritePin                        0x080003d5   Thumb Code    10  stm32f1xx_hal_gpio.o(i.HAL_GPIO_WritePin)
    HAL_GetTick                              0x080003e1   Thumb Code     6  stm32f1xx_hal.o(i.HAL_GetTick)
    HAL_IncTick                              0x080003ed   Thumb Code    12  stm32f1xx_hal.o(i.HAL_IncTick)
    HAL_Init                                 0x080003fd   Thumb Code    32  stm32f1xx_hal.o(i.HAL_Init)
    HAL_InitTick                             0x08000421   Thumb Code    54  stm32f1xx_hal.o(i.HAL_InitTick)
    HAL_MspInit                              0x08000461   Thumb Code    52  stm32f1xx_hal_msp.o(i.HAL_MspInit)
    HAL_NVIC_SetPriority                     0x0800049d   Thumb Code    60  stm32f1xx_hal_cortex.o(i.HAL_NVIC_SetPriority)
    HAL_NVIC_SetPriorityGrouping             0x080004dd   Thumb Code    26  stm32f1xx_hal_cortex.o(i.HAL_NVIC_SetPriorityGrouping)
    HAL_RCC_ClockConfig                      0x08000501   Thumb Code   280  stm32f1xx_hal_rcc.o(i.HAL_RCC_ClockConfig)
    HAL_RCC_GetSysClockFreq                  0x0800062d   Thumb Code    74  stm32f1xx_hal_rcc.o(i.HAL_RCC_GetSysClockFreq)
    HAL_RCC_OscConfig                        0x08000699   Thumb Code   778  stm32f1xx_hal_rcc.o(i.HAL_RCC_OscConfig)
    HAL_SYSTICK_Config                       0x080009b9   Thumb Code    40  stm32f1xx_hal_cortex.o(i.HAL_SYSTICK_Config)
    HardFault_Handler                        0x080009e1   Thumb Code     2  stm32f1xx_it.o(i.HardFault_Handler)
    MX_GPIO_Init                             0x080009e5   Thumb Code   142  gpio.o(i.MX_GPIO_Init)
    MemManage_Handler                        0x08000a81   Thumb Code     2  stm32f1xx_it.o(i.MemManage_Handler)
    NMI_Handler                              0x08000a83   Thumb Code     2  stm32f1xx_it.o(i.NMI_Handler)
    PendSV_Handler                           0x08000a85   Thumb Code     2  stm32f1xx_it.o(i.PendSV_Handler)
    STM32_gpio_and_delay                     0x08000a89   Thumb Code   106  main.o(i.STM32_gpio_and_delay)
    SVC_Handler                              0x08000af9   Thumb Code     2  stm32f1xx_it.o(i.SVC_Handler)
    SysTick_Handler                          0x08000afb   Thumb Code     4  stm32f1xx_it.o(i.SysTick_Handler)
    SystemClock_Config                       0x08000aff   Thumb Code    94  main.o(i.SystemClock_Config)
    SystemInit                               0x08000b5d   Thumb Code     2  system_stm32f1xx.o(i.SystemInit)
    UsageFault_Handler                       0x08000b5f   Thumb Code     2  stm32f1xx_it.o(i.UsageFault_Handler)
    __scatterload_copy                       0x08000b81   Thumb Code    14  handlers.o(i.__scatterload_copy)
    __scatterload_null                       0x08000b8f   Thumb Code     2  handlers.o(i.__scatterload_null)
    __scatterload_zeroinit                   0x08000b91   Thumb Code    14  handlers.o(i.__scatterload_zeroinit)
    delay_us                                 0x08000b9f   Thumb Code     8  main.o(i.delay_us)
    main                                     0x08000c81   Thumb Code   112  main.o(i.main)
    u8g2_ClearBuffer                         0x08000cfd   Thumb Code    18  u8g2_buffer.o(i.u8g2_ClearBuffer)
    u8g2_DrawCircle                          0x08000d0f   Thumb Code    64  u8g2_circle.o(i.u8g2_DrawCircle)
    u8g2_DrawHVLine                          0x08000d51   Thumb Code   172  u8g2_hvline.o(i.u8g2_DrawHVLine)
    u8g2_DrawPixel                           0x08000dfd   Thumb Code    46  u8g2_hvline.o(i.u8g2_DrawPixel)
    u8g2_IsIntersection                      0x08000e2b   Thumb Code    48  u8g2_intersection.o(i.u8g2_IsIntersection)
    u8g2_SendBuffer                          0x08000e5b   Thumb Code    18  u8g2_buffer.o(i.u8g2_SendBuffer)
    u8g2_SetFontPosBaseline                  0x08000e6d   Thumb Code     6  u8g2_font.o(i.u8g2_SetFontPosBaseline)
    u8g2_SetMaxClipWindow                    0x08000e79   Thumb Code    28  u8g2_setup.o(i.u8g2_SetMaxClipWindow)
    u8g2_SetupBuffer                         0x08000e95   Thumb Code    66  u8g2_setup.o(i.u8g2_SetupBuffer)
    u8g2_Setup_ssd1306_i2c_128x64_noname_f   0x08000ed9   Thumb Code    42  u8g2_d_setup.o(i.u8g2_Setup_ssd1306_i2c_128x64_noname_f)
    u8g2_draw_hv_line_2dir                   0x080010df   Thumb Code    18  u8g2_hvline.o(i.u8g2_draw_hv_line_2dir)
    u8g2_draw_l90_r0                         0x080010f1   Thumb Code    12  u8g2_setup.o(i.u8g2_draw_l90_r0)
    u8g2_font_calc_vref_font                 0x080010fd   Thumb Code     4  u8g2_font.o(i.u8g2_font_calc_vref_font)
    u8g2_is_intersection_decision_tree       0x08001101   Thumb Code    24  u8g2_intersection.o(i.u8g2_is_intersection_decision_tree)
    u8g2_ll_hvline_vertical_top_lsb          0x08001119   Thumb Code   144  u8g2_ll_hvline.o(i.u8g2_ll_hvline_vertical_top_lsb)
    u8g2_m_16_8_f                            0x080011a9   Thumb Code     8  u8g2_d_memory.o(i.u8g2_m_16_8_f)
    u8g2_update_dimension_r0                 0x08001249   Thumb Code     4  u8g2_setup.o(i.u8g2_update_dimension_r0)
    u8g2_update_page_win_r0                  0x0800124d   Thumb Code    34  u8g2_setup.o(i.u8g2_update_page_win_r0)
    u8x8_DrawTile                            0x0800126f   Thumb Code    30  u8x8_display.o(i.u8x8_DrawTile)
    u8x8_InitDisplay                         0x0800128d   Thumb Code    16  u8x8_display.o(i.u8x8_InitDisplay)
    u8x8_RefreshDisplay                      0x0800129d   Thumb Code    16  u8x8_display.o(i.u8x8_RefreshDisplay)
    u8x8_SetPowerSave                        0x080012ad   Thumb Code    16  u8x8_display.o(i.u8x8_SetPowerSave)
    u8x8_Setup                               0x080012bd   Thumb Code    34  u8x8_setup.o(i.u8x8_Setup)
    u8x8_SetupDefaults                       0x080012e1   Thumb Code    32  u8x8_setup.o(i.u8x8_SetupDefaults)
    u8x8_SetupMemory                         0x08001305   Thumb Code    16  u8x8_display.o(i.u8x8_SetupMemory)
    u8x8_byte_EndTransfer                    0x08001315   Thumb Code    16  u8x8_byte.o(i.u8x8_byte_EndTransfer)
    u8x8_byte_SendByte                       0x08001325   Thumb Code    14  u8x8_byte.o(i.u8x8_byte_SendByte)
    u8x8_byte_StartTransfer                  0x08001333   Thumb Code    16  u8x8_byte.o(i.u8x8_byte_StartTransfer)
    u8x8_byte_sw_i2c                         0x08001343   Thumb Code   188  u8x8_byte.o(i.u8x8_byte_sw_i2c)
    u8x8_cad_EndTransfer                     0x080013ff   Thumb Code    16  u8x8_cad.o(i.u8x8_cad_EndTransfer)
    u8x8_cad_SendArg                         0x0800140f   Thumb Code    16  u8x8_cad.o(i.u8x8_cad_SendArg)
    u8x8_cad_SendCmd                         0x0800141f   Thumb Code    16  u8x8_cad.o(i.u8x8_cad_SendCmd)
    u8x8_cad_SendData                        0x0800142f   Thumb Code    16  u8x8_cad.o(i.u8x8_cad_SendData)
    u8x8_cad_SendSequence                    0x08001441   Thumb Code   104  u8x8_cad.o(i.u8x8_cad_SendSequence)
    u8x8_cad_StartTransfer                   0x080014a9   Thumb Code    16  u8x8_cad.o(i.u8x8_cad_StartTransfer)
    u8x8_cad_ssd13xx_fast_i2c                0x080014b9   Thumb Code   182  u8x8_cad.o(i.u8x8_cad_ssd13xx_fast_i2c)
    u8x8_d_helper_display_init               0x08001575   Thumb Code    96  u8x8_display.o(i.u8x8_d_helper_display_init)
    u8x8_d_helper_display_setup_memory       0x080015d5   Thumb Code    10  u8x8_display.o(i.u8x8_d_helper_display_setup_memory)
    u8x8_d_ssd1306_128x64_noname             0x080015e1   Thumb Code    54  u8x8_d_ssd1306_128x64_noname.o(i.u8x8_d_ssd1306_128x64_noname)
    u8x8_dummy_cb                            0x080016e5   Thumb Code     4  u8x8_setup.o(i.u8x8_dummy_cb)
    u8x8_gpio_call                           0x080016e9   Thumb Code    12  u8x8_gpio.o(i.u8x8_gpio_call)
    AHBPrescTable                            0x08001720   Data          16  system_stm32f1xx.o(.constdata)
    u8g2_cb_r0                               0x08001730   Data          12  u8g2_setup.o(.constdata)
    Region$$Table$$Base                      0x08001860   Number         0  anon$$obj.o(Region$$Table)
    Region$$Table$$Limit                     0x08001880   Number         0  anon$$obj.o(Region$$Table)
    uwTickFreq                               0x20000000   Data           1  stm32f1xx_hal.o(.data)
    uwTickPrio                               0x20000004   Data           4  stm32f1xx_hal.o(.data)
    uwTick                                   0x20000008   Data           4  stm32f1xx_hal.o(.data)
    SystemCoreClock                          0x2000000c   Data           4  system_stm32f1xx.o(.data)
    __initial_sp                             0x20000898   Data           0  startup_stm32f103xe.o(STACK)



==============================================================================

Memory Map of the image

  Image Entry point : 0x08000131

  Load Region LR_IROM1 (Base: 0x08000000, Size: 0x00001898, Max: 0x00080000, ABSOLUTE)

    Execution Region ER_IROM1 (Exec base: 0x08000000, Load base: 0x08000000, Size: 0x00001880, Max: 0x00080000, ABSOLUTE)

    Exec Addr    Load Addr    Size         Type   Attr      Idx    E Section Name        Object

    0x08000000   0x08000000   0x00000130   Data   RO            3    RESET               startup_stm32f103xe.o
    0x08000130   0x08000130   0x00000000   Code   RO         6301  * .ARM.Collect$$$$00000000  mc_w.l(entry.o)
    0x08000130   0x08000130   0x00000004   Code   RO         6308    .ARM.Collect$$$$00000001  mc_w.l(entry2.o)
    0x08000134   0x08000134   0x00000004   Code   RO         6311    .ARM.Collect$$$$00000004  mc_w.l(entry5.o)
    0x08000138   0x08000138   0x00000000   Code   RO         6313    .ARM.Collect$$$$00000008  mc_w.l(entry7b.o)
    0x08000138   0x08000138   0x00000000   Code   RO         6315    .ARM.Collect$$$$0000000A  mc_w.l(entry8b.o)
    0x08000138   0x08000138   0x00000008   Code   RO         6316    .ARM.Collect$$$$0000000B  mc_w.l(entry9a.o)
    0x08000140   0x08000140   0x00000004   Code   RO         6323    .ARM.Collect$$$$0000000E  mc_w.l(entry12b.o)
    0x08000144   0x08000144   0x00000000   Code   RO         6318    .ARM.Collect$$$$0000000F  mc_w.l(entry10a.o)
    0x08000144   0x08000144   0x00000000   Code   RO         6320    .ARM.Collect$$$$00000011  mc_w.l(entry11a.o)
    0x08000144   0x08000144   0x00000004   Code   RO         6309    .ARM.Collect$$$$00002712  mc_w.l(entry2.o)
    0x08000148   0x08000148   0x00000024   Code   RO            4    .text               startup_stm32f103xe.o
    0x0800016c   0x0800016c   0x00000024   Code   RO         6306    .text               mc_w.l(memseta.o)
    0x08000190   0x08000190   0x00000024   Code   RO         6324    .text               mc_w.l(init.o)
    0x080001b4   0x080001b4   0x00000002   Code   RO          229    i.BusFault_Handler  stm32f1xx_it.o
    0x080001b6   0x080001b6   0x00000002   Code   RO          230    i.DebugMon_Handler  stm32f1xx_it.o
    0x080001b8   0x080001b8   0x00000024   Code   RO          764    i.HAL_Delay         stm32f1xx_hal.o
    0x080001dc   0x080001dc   0x000001f8   Code   RO         1072    i.HAL_GPIO_Init     stm32f1xx_hal_gpio.o
    0x080003d4   0x080003d4   0x0000000a   Code   RO         1076    i.HAL_GPIO_WritePin  stm32f1xx_hal_gpio.o
    0x080003de   0x080003de   0x00000002   PAD
    0x080003e0   0x080003e0   0x0000000c   Code   RO          768    i.HAL_GetTick       stm32f1xx_hal.o
    0x080003ec   0x080003ec   0x00000010   Code   RO          774    i.HAL_IncTick       stm32f1xx_hal.o
    0x080003fc   0x080003fc   0x00000024   Code   RO          775    i.HAL_Init          stm32f1xx_hal.o
    0x08000420   0x08000420   0x00000040   Code   RO          776    i.HAL_InitTick      stm32f1xx_hal.o
    0x08000460   0x08000460   0x0000003c   Code   RO          304    i.HAL_MspInit       stm32f1xx_hal_msp.o
    0x0800049c   0x0800049c   0x00000040   Code   RO         1238    i.HAL_NVIC_SetPriority  stm32f1xx_hal_cortex.o
    0x080004dc   0x080004dc   0x00000024   Code   RO         1239    i.HAL_NVIC_SetPriorityGrouping  stm32f1xx_hal_cortex.o
    0x08000500   0x08000500   0x0000012c   Code   RO          932    i.HAL_RCC_ClockConfig  stm32f1xx_hal_rcc.o
    0x0800062c   0x0800062c   0x0000006c   Code   RO          941    i.HAL_RCC_GetSysClockFreq  stm32f1xx_hal_rcc.o
    0x08000698   0x08000698   0x00000320   Code   RO          944    i.HAL_RCC_OscConfig  stm32f1xx_hal_rcc.o
    0x080009b8   0x080009b8   0x00000028   Code   RO         1243    i.HAL_SYSTICK_Config  stm32f1xx_hal_cortex.o
    0x080009e0   0x080009e0   0x00000002   Code   RO          231    i.HardFault_Handler  stm32f1xx_it.o
    0x080009e2   0x080009e2   0x00000002   PAD
    0x080009e4   0x080009e4   0x0000009c   Code   RO          163    i.MX_GPIO_Init      gpio.o
    0x08000a80   0x08000a80   0x00000002   Code   RO          232    i.MemManage_Handler  stm32f1xx_it.o
    0x08000a82   0x08000a82   0x00000002   Code   RO          233    i.NMI_Handler       stm32f1xx_it.o
    0x08000a84   0x08000a84   0x00000002   Code   RO          234    i.PendSV_Handler    stm32f1xx_it.o
    0x08000a86   0x08000a86   0x00000002   PAD
    0x08000a88   0x08000a88   0x00000070   Code   RO           14    i.STM32_gpio_and_delay  main.o
    0x08000af8   0x08000af8   0x00000002   Code   RO          235    i.SVC_Handler       stm32f1xx_it.o
    0x08000afa   0x08000afa   0x00000004   Code   RO          236    i.SysTick_Handler   stm32f1xx_it.o
    0x08000afe   0x08000afe   0x0000005e   Code   RO           15    i.SystemClock_Config  main.o
    0x08000b5c   0x08000b5c   0x00000002   Code   RO         1733    i.SystemInit        system_stm32f1xx.o
    0x08000b5e   0x08000b5e   0x00000002   Code   RO          237    i.UsageFault_Handler  stm32f1xx_it.o
    0x08000b60   0x08000b60   0x00000020   Code   RO         1245    i.__NVIC_SetPriority  stm32f1xx_hal_cortex.o
    0x08000b80   0x08000b80   0x0000000e   Code   RO         6328    i.__scatterload_copy  mc_w.l(handlers.o)
    0x08000b8e   0x08000b8e   0x00000002   Code   RO         6329    i.__scatterload_null  mc_w.l(handlers.o)
    0x08000b90   0x08000b90   0x0000000e   Code   RO         6330    i.__scatterload_zeroinit  mc_w.l(handlers.o)
    0x08000b9e   0x08000b9e   0x00000008   Code   RO           16    i.delay_us          main.o
    0x08000ba6   0x08000ba6   0x00000008   Code   RO         5503    i.i2c_clear_scl     u8x8_byte.o
    0x08000bae   0x08000bae   0x00000008   Code   RO         5504    i.i2c_clear_sda     u8x8_byte.o
    0x08000bb6   0x08000bb6   0x0000000a   Code   RO         5505    i.i2c_delay         u8x8_byte.o
    0x08000bc0   0x08000bc0   0x00000016   Code   RO         5506    i.i2c_read_scl_and_delay  u8x8_byte.o
    0x08000bd6   0x08000bd6   0x00000008   Code   RO         5507    i.i2c_read_sda      u8x8_byte.o
    0x08000bde   0x08000bde   0x00000026   Code   RO         5508    i.i2c_write_bit     u8x8_byte.o
    0x08000c04   0x08000c04   0x0000007c   Code   RO         5509    i.i2c_write_byte    u8x8_byte.o
    0x08000c80   0x08000c80   0x0000007c   Code   RO           17    i.main              main.o
    0x08000cfc   0x08000cfc   0x00000012   Code   RO         2440    i.u8g2_ClearBuffer  u8g2_buffer.o
    0x08000d0e   0x08000d0e   0x00000040   Code   RO         2534    i.u8g2_DrawCircle   u8g2_circle.o
    0x08000d4e   0x08000d4e   0x00000002   PAD
    0x08000d50   0x08000d50   0x000000ac   Code   RO         4845    i.u8g2_DrawHVLine   u8g2_hvline.o
    0x08000dfc   0x08000dfc   0x0000002e   Code   RO         4846    i.u8g2_DrawPixel    u8g2_hvline.o
    0x08000e2a   0x08000e2a   0x00000030   Code   RO         4906    i.u8g2_IsIntersection  u8g2_intersection.o
    0x08000e5a   0x08000e5a   0x00000012   Code   RO         2443    i.u8g2_SendBuffer   u8g2_buffer.o
    0x08000e6c   0x08000e6c   0x0000000c   Code   RO         2673    i.u8g2_SetFontPosBaseline  u8g2_font.o
    0x08000e78   0x08000e78   0x0000001c   Code   RO         5094    i.u8g2_SetMaxClipWindow  u8g2_setup.o
    0x08000e94   0x08000e94   0x00000042   Code   RO         5095    i.u8g2_SetupBuffer  u8g2_setup.o
    0x08000ed6   0x08000ed6   0x00000002   PAD
    0x08000ed8   0x08000ed8   0x00000038   Code   RO         2636    i.u8g2_Setup_ssd1306_i2c_128x64_noname_f  u8g2_d_setup.o
    0x08000f10   0x08000f10   0x0000006e   Code   RO         5097    i.u8g2_apply_clip_window  u8g2_setup.o
    0x08000f7e   0x08000f7e   0x0000003c   Code   RO         4849    i.u8g2_clip_intersection2  u8g2_hvline.o
    0x08000fba   0x08000fba   0x0000006a   Code   RO         2538    i.u8g2_draw_circle  u8g2_circle.o
    0x08001024   0x08001024   0x000000ba   Code   RO         2539    i.u8g2_draw_circle_section  u8g2_circle.o
    0x080010de   0x080010de   0x00000012   Code   RO         4850    i.u8g2_draw_hv_line_2dir  u8g2_hvline.o
    0x080010f0   0x080010f0   0x0000000c   Code   RO         5099    i.u8g2_draw_l90_r0  u8g2_setup.o
    0x080010fc   0x080010fc   0x00000004   Code   RO         2686    i.u8g2_font_calc_vref_font  u8g2_font.o
    0x08001100   0x08001100   0x00000018   Code   RO         4907    i.u8g2_is_intersection_decision_tree  u8g2_intersection.o
    0x08001118   0x08001118   0x00000090   Code   RO         4955    i.u8g2_ll_hvline_vertical_top_lsb  u8g2_ll_hvline.o
    0x080011a8   0x080011a8   0x0000000c   Code   RO         2617    i.u8g2_m_16_8_f     u8g2_d_memory.o
    0x080011b4   0x080011b4   0x0000004e   Code   RO         2451    i.u8g2_send_buffer  u8g2_buffer.o
    0x08001202   0x08001202   0x00000046   Code   RO         5104    i.u8g2_update_dimension_common  u8g2_setup.o
    0x08001248   0x08001248   0x00000004   Code   RO         5105    i.u8g2_update_dimension_r0  u8g2_setup.o
    0x0800124c   0x0800124c   0x00000022   Code   RO         5109    i.u8g2_update_page_win_r0  u8g2_setup.o
    0x0800126e   0x0800126e   0x0000001e   Code   RO         5882    i.u8x8_DrawTile     u8x8_display.o
    0x0800128c   0x0800128c   0x00000010   Code   RO         5884    i.u8x8_InitDisplay  u8x8_display.o
    0x0800129c   0x0800129c   0x00000010   Code   RO         5886    i.u8x8_RefreshDisplay  u8x8_display.o
    0x080012ac   0x080012ac   0x00000010   Code   RO         5889    i.u8x8_SetPowerSave  u8x8_display.o
    0x080012bc   0x080012bc   0x00000022   Code   RO         6188    i.u8x8_Setup        u8x8_setup.o
    0x080012de   0x080012de   0x00000002   PAD
    0x080012e0   0x080012e0   0x00000024   Code   RO         6189    i.u8x8_SetupDefaults  u8x8_setup.o
    0x08001304   0x08001304   0x00000010   Code   RO         5890    i.u8x8_SetupMemory  u8x8_display.o
    0x08001314   0x08001314   0x00000010   Code   RO         5514    i.u8x8_byte_EndTransfer  u8x8_byte.o
    0x08001324   0x08001324   0x0000000e   Code   RO         5515    i.u8x8_byte_SendByte  u8x8_byte.o
    0x08001332   0x08001332   0x00000010   Code   RO         5518    i.u8x8_byte_StartTransfer  u8x8_byte.o
    0x08001342   0x08001342   0x000000bc   Code   RO         5523    i.u8x8_byte_sw_i2c  u8x8_byte.o
    0x080013fe   0x080013fe   0x00000010   Code   RO         5634    i.u8x8_cad_EndTransfer  u8x8_cad.o
    0x0800140e   0x0800140e   0x00000010   Code   RO         5635    i.u8x8_cad_SendArg  u8x8_cad.o
    0x0800141e   0x0800141e   0x00000010   Code   RO         5636    i.u8x8_cad_SendCmd  u8x8_cad.o
    0x0800142e   0x0800142e   0x00000010   Code   RO         5637    i.u8x8_cad_SendData  u8x8_cad.o
    0x0800143e   0x0800143e   0x00000002   PAD
    0x08001440   0x08001440   0x00000068   Code   RO         5639    i.u8x8_cad_SendSequence  u8x8_cad.o
    0x080014a8   0x080014a8   0x00000010   Code   RO         5640    i.u8x8_cad_StartTransfer  u8x8_cad.o
    0x080014b8   0x080014b8   0x000000bc   Code   RO         5643    i.u8x8_cad_ssd13xx_fast_i2c  u8x8_cad.o
    0x08001574   0x08001574   0x00000060   Code   RO         5891    i.u8x8_d_helper_display_init  u8x8_display.o
    0x080015d4   0x080015d4   0x0000000a   Code   RO         5892    i.u8x8_d_helper_display_setup_memory  u8x8_display.o
    0x080015de   0x080015de   0x00000002   PAD
    0x080015e0   0x080015e0   0x0000003c   Code   RO         5816    i.u8x8_d_ssd1306_128x64_noname  u8x8_d_ssd1306_128x64_noname.o
    0x0800161c   0x0800161c   0x000000c8   Code   RO         5818    i.u8x8_d_ssd1306_sh1106_generic  u8x8_d_ssd1306_128x64_noname.o
    0x080016e4   0x080016e4   0x00000004   Code   RO         6191    i.u8x8_dummy_cb     u8x8_setup.o
    0x080016e8   0x080016e8   0x0000000c   Code   RO         6110    i.u8x8_gpio_call    u8x8_gpio.o
    0x080016f4   0x080016f4   0x0000002c   Code   RO         5651    i.u8x8_i2c_data_transfer  u8x8_cad.o
    0x08001720   0x08001720   0x00000010   Data   RO         1734    .constdata          system_stm32f1xx.o
    0x08001730   0x08001730   0x0000000c   Data   RO         5113    .constdata          u8g2_setup.o
    0x0800173c   0x0800173c   0x00000124   Data   RO         5820    .constdata          u8x8_d_ssd1306_128x64_noname.o
    0x08001860   0x08001860   0x00000020   Data   RO         6326    Region$$Table       anon$$obj.o


    Execution Region RW_IRAM1 (Exec base: 0x20000000, Load base: 0x08001880, Size: 0x00000898, Max: 0x00010000, ABSOLUTE)

    Exec Addr    Load Addr    Size         Type   Attr      Idx    E Section Name        Object

    0x20000000   0x08001880   0x0000000c   Data   RW          782    .data               stm32f1xx_hal.o
    0x2000000c   0x0800188c   0x00000004   Data   RW         1736    .data               system_stm32f1xx.o
    0x20000010   0x08001890   0x00000006   Data   RW         5653    .data               u8x8_cad.o
    0x20000016   0x08001896   0x00000002   PAD
    0x20000018        -       0x00000480   Zero   RW         2618    .bss                u8g2_d_memory.o
    0x20000498        -       0x00000400   Zero   RW            1    STACK               startup_stm32f103xe.o


==============================================================================

Image component sizes


      Code (inc. data)   RO Data    RW Data    ZI Data      Debug   Object Name

       156         14          0          0          0        907   gpio.o
       338         18          0          0          0     600408   main.o
        36          8        304          0       1024        796   startup_stm32f103xe.o
       164         28          0         12          0       6445   stm32f1xx_hal.o
       172         14          0          0          0      28242   stm32f1xx_hal_cortex.o
       514         42          0          0          0       2884   stm32f1xx_hal_gpio.o
        60          8          0          0          0        854   stm32f1xx_hal_msp.o
      1208         76          0          0          0       4030   stm32f1xx_hal_rcc.o
        20          0          0          0          0       3794   stm32f1xx_it.o
         2          0         16          4          0       1095   system_stm32f1xx.o
       114          0          0          0          0       2391   u8g2_buffer.o
       356          0          0          0          0       3394   u8g2_circle.o
        12          4          0          0       1152       1248   u8g2_d_memory.o
        56         14          0          0          0       1009   u8g2_d_setup.o
        16          6          0          0          0        949   u8g2_font.o
       296          0          0          0          0       2948   u8g2_hvline.o
        72          0          0          0          0       1827   u8g2_intersection.o
       144          0          0          0          0       1342   u8g2_ll_hvline.o
       324          0         12          0          0     144509   u8g2_setup.o
       452          0          0          0          0       6442   u8x8_byte.o
       416         12          0          6          0       8488   u8x8_cad.o
       260         10        292          0          0       2947   u8x8_d_ssd1306_128x64_noname.o
       200          0          0          0          0       4138   u8x8_display.o
        12          0          0          0          0        561   u8x8_gpio.o
        74          4          0          0          0       1666   u8x8_setup.o

    ----------------------------------------------------------------------
      5490        258        656         24       2176     833314   Object Totals
         0          0         32          0          0          0   (incl. Generated)
        16          0          0          2          0          0   (incl. Padding)

    ----------------------------------------------------------------------

      Code (inc. data)   RO Data    RW Data    ZI Data      Debug   Library Member Name

         0          0          0          0          0          0   entry.o
         0          0          0          0          0          0   entry10a.o
         0          0          0          0          0          0   entry11a.o
         4          0          0          0          0          0   entry12b.o
         8          4          0          0          0          0   entry2.o
         4          0          0          0          0          0   entry5.o
         0          0          0          0          0          0   entry7b.o
         0          0          0          0          0          0   entry8b.o
         8          4          0          0          0          0   entry9a.o
        30          0          0          0          0          0   handlers.o
        36          8          0          0          0         68   init.o
        36          0          0          0          0        108   memseta.o

    ----------------------------------------------------------------------
       126         16          0          0          0        176   Library Totals
         0          0          0          0          0          0   (incl. Padding)

    ----------------------------------------------------------------------

      Code (inc. data)   RO Data    RW Data    ZI Data      Debug   Library Name

       126         16          0          0          0        176   mc_w.l

    ----------------------------------------------------------------------
       126         16          0          0          0        176   Library Totals

    ----------------------------------------------------------------------

==============================================================================


      Code (inc. data)   RO Data    RW Data    ZI Data      Debug   

      5616        274        656         24       2176     829482   Grand Totals
      5616        274        656         24       2176     829482   ELF Image Totals
      5616        274        656         24          0          0   ROM Totals

==============================================================================

    Total RO  Size (Code + RO Data)                 6272 (   6.13kB)
    Total RW  Size (RW Data + ZI Data)              2200 (   2.15kB)
    Total ROM Size (Code + RO Data + RW Data)       6296 (   6.15kB)

==============================================================================

